NC_040306.1 |Human feces pecovirus strain PeCV-NI, complete genome	YP_009724389.1@1-7096 ORF1ab polyprotein [organism=Severe acute respiratory syndrome coronavirus 2] [isolate=Wuhan-Hu-1]	45	0.7462757992627834
NC_040306.1 |Human feces pecovirus strain PeCV-NI, complete genome	YP_009724389.1@1-7096 ORF1ab polyprotein [organism=Severe acute respiratory syndrome coronavirus 2] [isolate=Wuhan-Hu-1]	27	18.554753304190942
NC_040306.1 |Human feces pecovirus strain PeCV-NI, complete genome	YP_009725295.1@1-4405 ORF1a polyprotein [organism=Severe acute respiratory syndrome coronavirus 2] [isolate=Wuhan-Hu-1]	25	35.24035937845075
NC_040306.1 |Human feces pecovirus strain PeCV-NI, complete genome	YP_009724389.1@1-7096 ORF1ab polyprotein [organism=Severe acute respiratory syndrome coronavirus 2] [isolate=Wuhan-Hu-1]	26	46.02780470284153
NC_040306.1 |Human feces pecovirus strain PeCV-NI, complete genome	YP_009724389.1@1-7096 ORF1ab polyprotein [organism=Severe acute respiratory syndrome coronavirus 2] [isolate=Wuhan-Hu-1]	20	46.716674613984424
NC_040306.1 |Human feces pecovirus strain PeCV-NI, complete genome	YP_009725308.1 helicase [polyprotein_range=YP_009724389.1@5325-5925] [polyprotein=ORF1ab polyprotein] [organism=Severe acute respiratory syndrome coronavirus 2] [isolate=Wuhan-Hu-1]	22	92.23973463342725
NC_040306.1 |Human feces pecovirus strain PeCV-NI, complete genome	YP_009725295.1@1-4405 ORF1a polyprotein [organism=Severe acute respiratory syndrome coronavirus 2] [isolate=Wuhan-Hu-1]	17	122.27836904481464
NC_040306.1 |Human feces pecovirus strain PeCV-NI, complete genome	YP_009725302.1 nsp6 [polyprotein_range=YP_009724389.1@3570-3859] [polyprotein=ORF1ab polyprotein] [organism=Severe acute respiratory syndrome coronavirus 2] [isolate=Wuhan-Hu-1]	17	122.27836904481464
NC_040306.1 |Human feces pecovirus strain PeCV-NI, complete genome	YP_009742613.1 nsp6 [polyprotein_range=YP_009725295.1@3570-3859] [polyprotein=ORF1a polyprotein] [organism=Severe acute respiratory syndrome coronavirus 2] [isolate=Wuhan-Hu-1]	17	122.27836904481464
NC_040306.1 |Human feces pecovirus strain PeCV-NI, complete genome	YP_009725303.1 nsp7 [polyprotein_range=YP_009724389.1@3860-3942] [polyprotein=ORF1ab polyprotein] [organism=Severe acute respiratory syndrome coronavirus 2] [isolate=Wuhan-Hu-1]	21	127.11904365618405
NC_040306.1 |Human feces pecovirus strain PeCV-NI, complete genome	YP_009742614.1 nsp7 [polyprotein_range=YP_009725295.1@3860-3942] [polyprotein=ORF1a polyprotein] [organism=Severe acute respiratory syndrome coronavirus 2] [isolate=Wuhan-Hu-1]	21	127.11904365618405
NC_040306.1 |Human feces pecovirus strain PeCV-NI, complete genome	YP_009724389.1@1-7096 ORF1ab polyprotein [organism=Severe acute respiratory syndrome coronavirus 2] [isolate=Wuhan-Hu-1]	16	147.45186247840763
NC_040306.1 |Human feces pecovirus strain PeCV-NI, complete genome	YP_009725295.1@1-4405 ORF1a polyprotein [organism=Severe acute respiratory syndrome coronavirus 2] [isolate=Wuhan-Hu-1]	16	147.45186247840763
NC_040306.1 |Human feces pecovirus strain PeCV-NI, complete genome	YP_009724390.1@1-1273 surface glycoprotein [organism=Severe acute respiratory syndrome coronavirus 2] [isolate=Wuhan-Hu-1]	16	147.45186247840763
NC_040306.1 |Human feces pecovirus strain PeCV-NI, complete genome	YP_009725295.1@1-4405 ORF1a polyprotein [organism=Severe acute respiratory syndrome coronavirus 2] [isolate=Wuhan-Hu-1]	21	228.81427858113128
NC_040306.1 |Human feces pecovirus strain PeCV-NI, complete genome	YP_009725306.1 nsp10 [polyprotein_range=YP_009724389.1@4254-4392] [polyprotein=ORF1ab polyprotein] [organism=Severe acute respiratory syndrome coronavirus 2] [isolate=Wuhan-Hu-1]	21	228.81427858113128
NC_040306.1 |Human feces pecovirus strain PeCV-NI, complete genome	YP_009742617.1 nsp10 [polyprotein_range=YP_009725295.1@4254-4392] [polyprotein=ORF1a polyprotein] [organism=Severe acute respiratory syndrome coronavirus 2] [isolate=Wuhan-Hu-1]	21	228.81427858113128
NC_040306.1 |Human feces pecovirus strain PeCV-NI, complete genome	YP_009724391.1@1-275 ORF3a protein [organism=Severe acute respiratory syndrome coronavirus 2] [isolate=Wuhan-Hu-1]	13	385.94727483198756
NC_040306.1 |Human feces pecovirus strain PeCV-NI, complete genome	YP_009725302.1 nsp6 [polyprotein_range=YP_009724389.1@3570-3859] [polyprotein=ORF1ab polyprotein] [organism=Severe acute respiratory syndrome coronavirus 2] [isolate=Wuhan-Hu-1]	13	385.94727483198756
NC_040306.1 |Human feces pecovirus strain PeCV-NI, complete genome	YP_009725304.1 nsp8 [polyprotein_range=YP_009724389.1@3943-4140] [polyprotein=ORF1ab polyprotein] [organism=Severe acute respiratory syndrome coronavirus 2] [isolate=Wuhan-Hu-1]	13	385.94727483198756
NC_040306.1 |Human feces pecovirus strain PeCV-NI, complete genome	YP_009742613.1 nsp6 [polyprotein_range=YP_009725295.1@3570-3859] [polyprotein=ORF1a polyprotein] [organism=Severe acute respiratory syndrome coronavirus 2] [isolate=Wuhan-Hu-1]	13	385.94727483198756
NC_040306.1 |Human feces pecovirus strain PeCV-NI, complete genome	YP_009742615.1 nsp8 [polyprotein_range=YP_009725295.1@3943-4140] [polyprotein=ORF1a polyprotein] [organism=Severe acute respiratory syndrome coronavirus 2] [isolate=Wuhan-Hu-1]	13	385.94727483198756
NC_040306.1 |Human feces pecovirus strain PeCV-NI, complete genome	YP_009724390.1@1-1273 surface glycoprotein [organism=Severe acute respiratory syndrome coronavirus 2] [isolate=Wuhan-Hu-1]	13	441.0825998079858
NC_040306.1 |Human feces pecovirus strain PeCV-NI, complete genome	YP_009725299.1 nsp3 [polyprotein_range=YP_009724389.1@819-2763] [polyprotein=ORF1ab polyprotein] [organism=Severe acute respiratory syndrome coronavirus 2] [isolate=Wuhan-Hu-1]	13	441.0825998079858
NC_040306.1 |Human feces pecovirus strain PeCV-NI, complete genome	YP_009725311.1 2'-O-ribose methyltransferase [polyprotein_range=YP_009724389.1@6799-7096] [polyprotein=ORF1ab polyprotein] [organism=Severe acute respiratory syndrome coronavirus 2] [isolate=Wuhan-Hu-1]	13	441.0825998079858
NC_040306.1 |Human feces pecovirus strain PeCV-NI, complete genome	YP_009742610.1 nsp3 [polyprotein_range=YP_009725295.1@819-2763] [polyprotein=ORF1a polyprotein] [organism=Severe acute respiratory syndrome coronavirus 2] [isolate=Wuhan-Hu-1]	13	441.0825998079858
NC_040306.1 |Human feces pecovirus strain PeCV-NI, complete genome	YP_009725309.1 3'-to-5' exonuclease [polyprotein_range=YP_009724389.1@5926-6452] [polyprotein=ORF1ab polyprotein] [organism=Severe acute respiratory syndrome coronavirus 2] [isolate=Wuhan-Hu-1]	17	825.3789910524988
NC_040306.1 |Human feces pecovirus strain PeCV-NI, complete genome	YP_009725299.1 nsp3 [polyprotein_range=YP_009724389.1@819-2763] [polyprotein=ORF1ab polyprotein] [organism=Severe acute respiratory syndrome coronavirus 2] [isolate=Wuhan-Hu-1]	12	2279.521881912009
NC_040306.1 |Human feces pecovirus strain PeCV-NI, complete genome	YP_009725309.1 3'-to-5' exonuclease [polyprotein_range=YP_009724389.1@5926-6452] [polyprotein=ORF1ab polyprotein] [organism=Severe acute respiratory syndrome coronavirus 2] [isolate=Wuhan-Hu-1]	12	2279.521881912009
NC_040306.1 |Human feces pecovirus strain PeCV-NI, complete genome	YP_009725310.1 endoRNAse [polyprotein_range=YP_009724389.1@6453-6798] [polyprotein=ORF1ab polyprotein] [organism=Severe acute respiratory syndrome coronavirus 2] [isolate=Wuhan-Hu-1]	12	2279.521881912009
NC_040306.1 |Human feces pecovirus strain PeCV-NI, complete genome	YP_009742610.1 nsp3 [polyprotein_range=YP_009725295.1@819-2763] [polyprotein=ORF1a polyprotein] [organism=Severe acute respiratory syndrome coronavirus 2] [isolate=Wuhan-Hu-1]	12	2279.521881912009
NC_040306.1 |Human feces pecovirus strain PeCV-NI, complete genome	YP_009725295.1@1-4405 ORF1a polyprotein [organism=Severe acute respiratory syndrome coronavirus 2] [isolate=Wuhan-Hu-1]	15	11263.58187237521
NC_040306.1 |Human feces pecovirus strain PeCV-NI, complete genome	YP_009725299.1 nsp3 [polyprotein_range=YP_009724389.1@819-2763] [polyprotein=ORF1ab polyprotein] [organism=Severe acute respiratory syndrome coronavirus 2] [isolate=Wuhan-Hu-1]	15	11263.58187237521
NC_040306.1 |Human feces pecovirus strain PeCV-NI, complete genome	YP_009725308.1 helicase [polyprotein_range=YP_009724389.1@5325-5925] [polyprotein=ORF1ab polyprotein] [organism=Severe acute respiratory syndrome coronavirus 2] [isolate=Wuhan-Hu-1]	15	11263.58187237521
NC_040306.1 |Human feces pecovirus strain PeCV-NI, complete genome	YP_009742610.1 nsp3 [polyprotein_range=YP_009725295.1@819-2763] [polyprotein=ORF1a polyprotein] [organism=Severe acute respiratory syndrome coronavirus 2] [isolate=Wuhan-Hu-1]	15	11263.58187237521
