NC_019026.1 |Astrovirus VA3 isolate VA3/human/Vellore/28054/2005, complete genome	YP_009724389.1:1-7096 ORF1ab polyprotein [organism=Severe acute respiratory syndrome coronavirus 2] [isolate=Wuhan-Hu-1]	34	1.3756413450052025
NC_019026.1 |Astrovirus VA3 isolate VA3/human/Vellore/28054/2005, complete genome	YP_009725295.1:1-4405 ORF1a polyprotein [organism=Severe acute respiratory syndrome coronavirus 2] [isolate=Wuhan-Hu-1]	34	1.3756413450052025
NC_019026.1 |Astrovirus VA3 isolate VA3/human/Vellore/28054/2005, complete genome	YP_009724389.1:1-7096 ORF1ab polyprotein [organism=Severe acute respiratory syndrome coronavirus 2] [isolate=Wuhan-Hu-1]	24	16.188687735250927
NC_019026.1 |Astrovirus VA3 isolate VA3/human/Vellore/28054/2005, complete genome	YP_009725295.1:1-4405 ORF1a polyprotein [organism=Severe acute respiratory syndrome coronavirus 2] [isolate=Wuhan-Hu-1]	24	16.188687735250927
NC_019026.1 |Astrovirus VA3 isolate VA3/human/Vellore/28054/2005, complete genome	YP_009724389.1:1-7096 ORF1ab polyprotein [organism=Severe acute respiratory syndrome coronavirus 2] [isolate=Wuhan-Hu-1]	25	21.144215627070444
NC_019026.1 |Astrovirus VA3 isolate VA3/human/Vellore/28054/2005, complete genome	YP_009725295.1:1-4405 ORF1a polyprotein [organism=Severe acute respiratory syndrome coronavirus 2] [isolate=Wuhan-Hu-1]	25	21.144215627070444
NC_019026.1 |Astrovirus VA3 isolate VA3/human/Vellore/28054/2005, complete genome	YP_009724389.1:1-7096 ORF1ab polyprotein [organism=Severe acute respiratory syndrome coronavirus 2] [isolate=Wuhan-Hu-1]	22	21.52260474779969
NC_019026.1 |Astrovirus VA3 isolate VA3/human/Vellore/28054/2005, complete genome	YP_009724389.1:1-7096 ORF1ab polyprotein [organism=Severe acute respiratory syndrome coronavirus 2] [isolate=Wuhan-Hu-1]	19	40.23875274120964
NC_019026.1 |Astrovirus VA3 isolate VA3/human/Vellore/28054/2005, complete genome	YP_009725295.1:1-4405 ORF1a polyprotein [organism=Severe acute respiratory syndrome coronavirus 2] [isolate=Wuhan-Hu-1]	19	40.23875274120964
NC_019026.1 |Astrovirus VA3 isolate VA3/human/Vellore/28054/2005, complete genome	YP_009725306.1 nsp10 [polyprotein_range=YP_009724389.1:4254-4392] [polyprotein=ORF1ab polyprotein] [organism=Severe acute respiratory syndrome coronavirus 2] [isolate=Wuhan-Hu-1]	19	40.23875274120964
NC_019026.1 |Astrovirus VA3 isolate VA3/human/Vellore/28054/2005, complete genome	YP_009742617.1 nsp10 [polyprotein_range=YP_009725295.1:4254-4392] [polyprotein=ORF1a polyprotein] [organism=Severe acute respiratory syndrome coronavirus 2] [isolate=Wuhan-Hu-1]	19	40.23875274120964
NC_019026.1 |Astrovirus VA3 isolate VA3/human/Vellore/28054/2005, complete genome	YP_009725299.1 nsp3 [polyprotein_range=YP_009724389.1:819-2763] [polyprotein=ORF1ab polyprotein] [organism=Severe acute respiratory syndrome coronavirus 2] [isolate=Wuhan-Hu-1]	20	58.39584326748053
NC_019026.1 |Astrovirus VA3 isolate VA3/human/Vellore/28054/2005, complete genome	YP_009742610.1 nsp3 [polyprotein_range=YP_009725295.1:819-2763] [polyprotein=ORF1a polyprotein] [organism=Severe acute respiratory syndrome coronavirus 2] [isolate=Wuhan-Hu-1]	20	58.39584326748053
NC_019026.1 |Astrovirus VA3 isolate VA3/human/Vellore/28054/2005, complete genome	YP_009724390.1:1-1273 surface glycoprotein [organism=Severe acute respiratory syndrome coronavirus 2] [isolate=Wuhan-Hu-1]	17	76.42398065300915
NC_019026.1 |Astrovirus VA3 isolate VA3/human/Vellore/28054/2005, complete genome	YP_009725299.1 nsp3 [polyprotein_range=YP_009724389.1:819-2763] [polyprotein=ORF1ab polyprotein] [organism=Severe acute respiratory syndrome coronavirus 2] [isolate=Wuhan-Hu-1]	20	122.63127086170911
NC_019026.1 |Astrovirus VA3 isolate VA3/human/Vellore/28054/2005, complete genome	YP_009742610.1 nsp3 [polyprotein_range=YP_009725295.1:819-2763] [polyprotein=ORF1a polyprotein] [organism=Severe acute respiratory syndrome coronavirus 2] [isolate=Wuhan-Hu-1]	20	122.63127086170911
NC_019026.1 |Astrovirus VA3 isolate VA3/human/Vellore/28054/2005, complete genome	YP_009724390.1:1-1273 surface glycoprotein [organism=Severe acute respiratory syndrome coronavirus 2] [isolate=Wuhan-Hu-1]	16	379.1619320873339
NC_019026.1 |Astrovirus VA3 isolate VA3/human/Vellore/28054/2005, complete genome	YP_009725299.1 nsp3 [polyprotein_range=YP_009724389.1:819-2763] [polyprotein=ORF1ab polyprotein] [organism=Severe acute respiratory syndrome coronavirus 2] [isolate=Wuhan-Hu-1]	16	379.1619320873339
NC_019026.1 |Astrovirus VA3 isolate VA3/human/Vellore/28054/2005, complete genome	YP_009725306.1 nsp10 [polyprotein_range=YP_009724389.1:4254-4392] [polyprotein=ORF1ab polyprotein] [organism=Severe acute respiratory syndrome coronavirus 2] [isolate=Wuhan-Hu-1]	16	379.1619320873339
NC_019026.1 |Astrovirus VA3 isolate VA3/human/Vellore/28054/2005, complete genome	YP_009725307.1 RNA-dependent RNA polymerase [polyprotein_range=YP_009724389.1:4393-5324] [polyprotein=ORF1ab polyprotein] [organism=Severe acute respiratory syndrome coronavirus 2] [isolate=Wuhan-Hu-1]	16	379.1619320873339
NC_019026.1 |Astrovirus VA3 isolate VA3/human/Vellore/28054/2005, complete genome	YP_009742610.1 nsp3 [polyprotein_range=YP_009725295.1:819-2763] [polyprotein=ORF1a polyprotein] [organism=Severe acute respiratory syndrome coronavirus 2] [isolate=Wuhan-Hu-1]	16	379.1619320873339
NC_019026.1 |Astrovirus VA3 isolate VA3/human/Vellore/28054/2005, complete genome	YP_009742617.1 nsp10 [polyprotein_range=YP_009725295.1:4254-4392] [polyprotein=ORF1a polyprotein] [organism=Severe acute respiratory syndrome coronavirus 2] [isolate=Wuhan-Hu-1]	16	379.1619320873339
NC_019026.1 |Astrovirus VA3 isolate VA3/human/Vellore/28054/2005, complete genome	YP_009725297.1 leader protein [polyprotein_range=YP_009724389.1:1-180] [polyprotein=ORF1ab polyprotein] [organism=Severe acute respiratory syndrome coronavirus 2] [isolate=Wuhan-Hu-1]	14	400.0712716553263
NC_019026.1 |Astrovirus VA3 isolate VA3/human/Vellore/28054/2005, complete genome	YP_009725300.1 nsp4 [polyprotein_range=YP_009724389.1:2764-3263] [polyprotein=ORF1ab polyprotein] [organism=Severe acute respiratory syndrome coronavirus 2] [isolate=Wuhan-Hu-1]	14	400.0712716553263
NC_019026.1 |Astrovirus VA3 isolate VA3/human/Vellore/28054/2005, complete genome	YP_009725311.1 2'-O-ribose methyltransferase [polyprotein_range=YP_009724389.1:6799-7096] [polyprotein=ORF1ab polyprotein] [organism=Severe acute respiratory syndrome coronavirus 2] [isolate=Wuhan-Hu-1]	14	400.0712716553263
NC_019026.1 |Astrovirus VA3 isolate VA3/human/Vellore/28054/2005, complete genome	YP_009742608.1 leader protein [polyprotein_range=YP_009725295.1:1-180] [polyprotein=ORF1a polyprotein] [organism=Severe acute respiratory syndrome coronavirus 2] [isolate=Wuhan-Hu-1]	14	400.0712716553263
NC_019026.1 |Astrovirus VA3 isolate VA3/human/Vellore/28054/2005, complete genome	YP_009742611.1 nsp4 [polyprotein_range=YP_009725295.1:2764-3263] [polyprotein=ORF1a polyprotein] [organism=Severe acute respiratory syndrome coronavirus 2] [isolate=Wuhan-Hu-1]	14	400.0712716553263
NC_019026.1 |Astrovirus VA3 isolate VA3/human/Vellore/28054/2005, complete genome	YP_009724390.1:1-1273 surface glycoprotein [organism=Severe acute respiratory syndrome coronavirus 2] [isolate=Wuhan-Hu-1]	12	531.8884391128021
NC_019026.1 |Astrovirus VA3 isolate VA3/human/Vellore/28054/2005, complete genome	YP_009725295.1:1-4405 ORF1a polyprotein [organism=Severe acute respiratory syndrome coronavirus 2] [isolate=Wuhan-Hu-1]	12	531.8884391128021
NC_019026.1 |Astrovirus VA3 isolate VA3/human/Vellore/28054/2005, complete genome	YP_009725298.1 nsp2 [polyprotein_range=YP_009724389.1:181-818] [polyprotein=ORF1ab polyprotein] [organism=Severe acute respiratory syndrome coronavirus 2] [isolate=Wuhan-Hu-1]	12	531.8884391128021
NC_019026.1 |Astrovirus VA3 isolate VA3/human/Vellore/28054/2005, complete genome	YP_009725307.1 RNA-dependent RNA polymerase [polyprotein_range=YP_009724389.1:4393-5324] [polyprotein=ORF1ab polyprotein] [organism=Severe acute respiratory syndrome coronavirus 2] [isolate=Wuhan-Hu-1]	12	531.8884391128021
NC_019026.1 |Astrovirus VA3 isolate VA3/human/Vellore/28054/2005, complete genome	YP_009725311.1 2'-O-ribose methyltransferase [polyprotein_range=YP_009724389.1:6799-7096] [polyprotein=ORF1ab polyprotein] [organism=Severe acute respiratory syndrome coronavirus 2] [isolate=Wuhan-Hu-1]	12	531.8884391128021
NC_019026.1 |Astrovirus VA3 isolate VA3/human/Vellore/28054/2005, complete genome	YP_009742609.1 nsp2 [polyprotein_range=YP_009725295.1:181-818] [polyprotein=ORF1a polyprotein] [organism=Severe acute respiratory syndrome coronavirus 2] [isolate=Wuhan-Hu-1]	12	531.8884391128021
NC_019026.1 |Astrovirus VA3 isolate VA3/human/Vellore/28054/2005, complete genome	YP_009724391.1:1-275 ORF3a protein [organism=Severe acute respiratory syndrome coronavirus 2] [isolate=Wuhan-Hu-1]	12	1595.665317338406
NC_019026.1 |Astrovirus VA3 isolate VA3/human/Vellore/28054/2005, complete genome	YP_009725297.1 leader protein [polyprotein_range=YP_009724389.1:1-180] [polyprotein=ORF1ab polyprotein] [organism=Severe acute respiratory syndrome coronavirus 2] [isolate=Wuhan-Hu-1]	12	1595.665317338406
NC_019026.1 |Astrovirus VA3 isolate VA3/human/Vellore/28054/2005, complete genome	YP_009725301.1 3C-like proteinase [polyprotein_range=YP_009724389.1:3264-3569] [polyprotein=ORF1ab polyprotein] [organism=Severe acute respiratory syndrome coronavirus 2] [isolate=Wuhan-Hu-1]	12	1595.665317338406
NC_019026.1 |Astrovirus VA3 isolate VA3/human/Vellore/28054/2005, complete genome	YP_009725307.1 RNA-dependent RNA polymerase [polyprotein_range=YP_009724389.1:4393-5324] [polyprotein=ORF1ab polyprotein] [organism=Severe acute respiratory syndrome coronavirus 2] [isolate=Wuhan-Hu-1]	12	1595.665317338406
NC_019026.1 |Astrovirus VA3 isolate VA3/human/Vellore/28054/2005, complete genome	YP_009725309.1 3'-to-5' exonuclease [polyprotein_range=YP_009724389.1:5926-6452] [polyprotein=ORF1ab polyprotein] [organism=Severe acute respiratory syndrome coronavirus 2] [isolate=Wuhan-Hu-1]	12	1595.665317338406
NC_019026.1 |Astrovirus VA3 isolate VA3/human/Vellore/28054/2005, complete genome	YP_009742608.1 leader protein [polyprotein_range=YP_009725295.1:1-180] [polyprotein=ORF1a polyprotein] [organism=Severe acute respiratory syndrome coronavirus 2] [isolate=Wuhan-Hu-1]	12	1595.665317338406
NC_019026.1 |Astrovirus VA3 isolate VA3/human/Vellore/28054/2005, complete genome	YP_009742612.1 3C-like proteinase [polyprotein_range=YP_009725295.1:3264-3569] [polyprotein=ORF1a polyprotein] [organism=Severe acute respiratory syndrome coronavirus 2] [isolate=Wuhan-Hu-1]	12	1595.665317338406
NC_019026.1 |Astrovirus VA3 isolate VA3/human/Vellore/28054/2005, complete genome	YP_009724390.1:1-1273 surface glycoprotein [organism=Severe acute respiratory syndrome coronavirus 2] [isolate=Wuhan-Hu-1]	16	18979.161156149326
