NC_043450.1 |Severe fever with thrombocytopenia syndrome virus strain HNXH segment L, complete sequence	YP_009724389.1@1-7096 ORF1ab polyprotein [organism=Severe acute respiratory syndrome coronavirus 2] [isolate=Wuhan-Hu-1]	39	0.961935439311404
NC_043450.1 |Severe fever with thrombocytopenia syndrome virus strain HNXH segment L, complete sequence	YP_009725295.1@1-4405 ORF1a polyprotein [organism=Severe acute respiratory syndrome coronavirus 2] [isolate=Wuhan-Hu-1]	39	0.961935439311404
NC_043450.1 |Severe fever with thrombocytopenia syndrome virus strain HNXH segment L, complete sequence	YP_009724389.1@1-7096 ORF1ab polyprotein [organism=Severe acute respiratory syndrome coronavirus 2] [isolate=Wuhan-Hu-1]	23	15.617167132932622
NC_043450.1 |Severe fever with thrombocytopenia syndrome virus strain HNXH segment L, complete sequence	YP_009725295.1@1-4405 ORF1a polyprotein [organism=Severe acute respiratory syndrome coronavirus 2] [isolate=Wuhan-Hu-1]	23	15.617167132932622
NC_043450.1 |Severe fever with thrombocytopenia syndrome virus strain HNXH segment L, complete sequence	YP_009724389.1@1-7096 ORF1ab polyprotein [organism=Severe acute respiratory syndrome coronavirus 2] [isolate=Wuhan-Hu-1]	18	33.27272213027289
NC_043450.1 |Severe fever with thrombocytopenia syndrome virus strain HNXH segment L, complete sequence	YP_009725295.1@1-4405 ORF1a polyprotein [organism=Severe acute respiratory syndrome coronavirus 2] [isolate=Wuhan-Hu-1]	18	33.27272213027289
NC_043450.1 |Severe fever with thrombocytopenia syndrome virus strain HNXH segment L, complete sequence	YP_009725299.1 nsp3 [polyprotein_range=YP_009724389.1@819-2763] [polyprotein=ORF1ab polyprotein] [organism=Severe acute respiratory syndrome coronavirus 2] [isolate=Wuhan-Hu-1]	18	33.27272213027289
NC_043450.1 |Severe fever with thrombocytopenia syndrome virus strain HNXH segment L, complete sequence	YP_009742610.1 nsp3 [polyprotein_range=YP_009725295.1@819-2763] [polyprotein=ORF1a polyprotein] [organism=Severe acute respiratory syndrome coronavirus 2] [isolate=Wuhan-Hu-1]	18	33.27272213027289
NC_043450.1 |Severe fever with thrombocytopenia syndrome virus strain HNXH segment L, complete sequence	YP_009725299.1 nsp3 [polyprotein_range=YP_009724389.1@819-2763] [polyprotein=ORF1ab polyprotein] [organism=Severe acute respiratory syndrome coronavirus 2] [isolate=Wuhan-Hu-1]	20	40.87709028723637
NC_043450.1 |Severe fever with thrombocytopenia syndrome virus strain HNXH segment L, complete sequence	YP_009742610.1 nsp3 [polyprotein_range=YP_009725295.1@819-2763] [polyprotein=ORF1a polyprotein] [organism=Severe acute respiratory syndrome coronavirus 2] [isolate=Wuhan-Hu-1]	20	40.87709028723637
NC_043450.1 |Severe fever with thrombocytopenia syndrome virus strain HNXH segment L, complete sequence	YP_009725304.1 nsp8 [polyprotein_range=YP_009724389.1@3943-4140] [polyprotein=ORF1ab polyprotein] [organism=Severe acute respiratory syndrome coronavirus 2] [isolate=Wuhan-Hu-1]	19	56.33425383769349
NC_043450.1 |Severe fever with thrombocytopenia syndrome virus strain HNXH segment L, complete sequence	YP_009742615.1 nsp8 [polyprotein_range=YP_009725295.1@3943-4140] [polyprotein=ORF1a polyprotein] [organism=Severe acute respiratory syndrome coronavirus 2] [isolate=Wuhan-Hu-1]	19	56.33425383769349
NC_043450.1 |Severe fever with thrombocytopenia syndrome virus strain HNXH segment L, complete sequence	YP_009724390.1@1-1273 surface glycoprotein [organism=Severe acute respiratory syndrome coronavirus 2] [isolate=Wuhan-Hu-1]	24	118.17742046733177
NC_043450.1 |Severe fever with thrombocytopenia syndrome virus strain HNXH segment L, complete sequence	YP_009725299.1 nsp3 [polyprotein_range=YP_009724389.1@819-2763] [polyprotein=ORF1ab polyprotein] [organism=Severe acute respiratory syndrome coronavirus 2] [isolate=Wuhan-Hu-1]	24	118.17742046733177
NC_043450.1 |Severe fever with thrombocytopenia syndrome virus strain HNXH segment L, complete sequence	YP_009742610.1 nsp3 [polyprotein_range=YP_009725295.1@819-2763] [polyprotein=ORF1a polyprotein] [organism=Severe acute respiratory syndrome coronavirus 2] [isolate=Wuhan-Hu-1]	24	118.17742046733177
NC_043450.1 |Severe fever with thrombocytopenia syndrome virus strain HNXH segment L, complete sequence	YP_009724390.1@1-1273 surface glycoprotein [organism=Severe acute respiratory syndrome coronavirus 2] [isolate=Wuhan-Hu-1]	15	203.20895130573837
NC_043450.1 |Severe fever with thrombocytopenia syndrome virus strain HNXH segment L, complete sequence	YP_009725297.1 leader protein [polyprotein_range=YP_009724389.1@1-180] [polyprotein=ORF1ab polyprotein] [organism=Severe acute respiratory syndrome coronavirus 2] [isolate=Wuhan-Hu-1]	15	203.20895130573837
NC_043450.1 |Severe fever with thrombocytopenia syndrome virus strain HNXH segment L, complete sequence	YP_009725307.1 RNA-dependent RNA polymerase [polyprotein_range=YP_009724389.1@4393-5324] [polyprotein=ORF1ab polyprotein] [organism=Severe acute respiratory syndrome coronavirus 2] [isolate=Wuhan-Hu-1]	15	203.20895130573837
NC_043450.1 |Severe fever with thrombocytopenia syndrome virus strain HNXH segment L, complete sequence	YP_009742608.1 leader protein [polyprotein_range=YP_009725295.1@1-180] [polyprotein=ORF1a polyprotein] [organism=Severe acute respiratory syndrome coronavirus 2] [isolate=Wuhan-Hu-1]	15	203.20895130573837
NC_043450.1 |Severe fever with thrombocytopenia syndrome virus strain HNXH segment L, complete sequence	YP_009725300.1 nsp4 [polyprotein_range=YP_009724389.1@2764-3263] [polyprotein=ORF1ab polyprotein] [organism=Severe acute respiratory syndrome coronavirus 2] [isolate=Wuhan-Hu-1]	16	1537.7122801319656
NC_043450.1 |Severe fever with thrombocytopenia syndrome virus strain HNXH segment L, complete sequence	YP_009725307.1 RNA-dependent RNA polymerase [polyprotein_range=YP_009724389.1@4393-5324] [polyprotein=ORF1ab polyprotein] [organism=Severe acute respiratory syndrome coronavirus 2] [isolate=Wuhan-Hu-1]	16	1537.7122801319656
NC_043450.1 |Severe fever with thrombocytopenia syndrome virus strain HNXH segment L, complete sequence	YP_009742611.1 nsp4 [polyprotein_range=YP_009725295.1@2764-3263] [polyprotein=ORF1a polyprotein] [organism=Severe acute respiratory syndrome coronavirus 2] [isolate=Wuhan-Hu-1]	16	1537.7122801319656
NC_043450.1 |Severe fever with thrombocytopenia syndrome virus strain HNXH segment L, complete sequence	YP_009724389.1@1-7096 ORF1ab polyprotein [organism=Severe acute respiratory syndrome coronavirus 2] [isolate=Wuhan-Hu-1]	15	60498.20778873697
NC_043450.1 |Severe fever with thrombocytopenia syndrome virus strain HNXH segment L, complete sequence	YP_009725307.1 RNA-dependent RNA polymerase [polyprotein_range=YP_009724389.1@4393-5324] [polyprotein=ORF1ab polyprotein] [organism=Severe acute respiratory syndrome coronavirus 2] [isolate=Wuhan-Hu-1]	15	60498.20778873697
