NC_043585.1 |Ilesha virus strain R5964 segment S, complete sequence	YP_009724390.1:1-1273 surface glycoprotein [organism=Severe acute respiratory syndrome coronavirus 2] [isolate=Wuhan-Hu-1]	34	1.9652019214360037
NC_043585.1 |Ilesha virus strain R5964 segment S, complete sequence	YP_009724389.1:1-7096 ORF1ab polyprotein [organism=Severe acute respiratory syndrome coronavirus 2] [isolate=Wuhan-Hu-1]	22	15.373289105571208
NC_043585.1 |Ilesha virus strain R5964 segment S, complete sequence	YP_009725295.1:1-4405 ORF1a polyprotein [organism=Severe acute respiratory syndrome coronavirus 2] [isolate=Wuhan-Hu-1]	22	15.373289105571208
NC_043585.1 |Ilesha virus strain R5964 segment S, complete sequence	YP_009725299.1 nsp3 [polyprotein_range=YP_009724389.1:819-2763] [polyprotein=ORF1ab polyprotein] [organism=Severe acute respiratory syndrome coronavirus 2] [isolate=Wuhan-Hu-1]	22	15.373289105571208
NC_043585.1 |Ilesha virus strain R5964 segment S, complete sequence	YP_009742610.1 nsp3 [polyprotein_range=YP_009725295.1:819-2763] [polyprotein=ORF1a polyprotein] [organism=Severe acute respiratory syndrome coronavirus 2] [isolate=Wuhan-Hu-1]	22	15.373289105571208
NC_043585.1 |Ilesha virus strain R5964 segment S, complete sequence	YP_009724389.1:1-7096 ORF1ab polyprotein [organism=Severe acute respiratory syndrome coronavirus 2] [isolate=Wuhan-Hu-1]	23	24.54126263746555
NC_043585.1 |Ilesha virus strain R5964 segment S, complete sequence	YP_009724390.1:1-1273 surface glycoprotein [organism=Severe acute respiratory syndrome coronavirus 2] [isolate=Wuhan-Hu-1]	24	25.901900376401482
NC_043585.1 |Ilesha virus strain R5964 segment S, complete sequence	YP_009725307.1 RNA-dependent RNA polymerase [polyprotein_range=YP_009724389.1:4393-5324] [polyprotein=ORF1ab polyprotein] [organism=Severe acute respiratory syndrome coronavirus 2] [isolate=Wuhan-Hu-1]	18	55.45453688378816
NC_043585.1 |Ilesha virus strain R5964 segment S, complete sequence	YP_009724389.1:1-7096 ORF1ab polyprotein [organism=Severe acute respiratory syndrome coronavirus 2] [isolate=Wuhan-Hu-1]	20	93.43334922796885
NC_043585.1 |Ilesha virus strain R5964 segment S, complete sequence	YP_009725307.1 RNA-dependent RNA polymerase [polyprotein_range=YP_009724389.1:4393-5324] [polyprotein=ORF1ab polyprotein] [organism=Severe acute respiratory syndrome coronavirus 2] [isolate=Wuhan-Hu-1]	18	177.4545180281221
NC_043585.1 |Ilesha virus strain R5964 segment S, complete sequence	YP_009725295.1:1-4405 ORF1a polyprotein [organism=Severe acute respiratory syndrome coronavirus 2] [isolate=Wuhan-Hu-1]	15	319.3283520518746
NC_043585.1 |Ilesha virus strain R5964 segment S, complete sequence	YP_009725301.1 3C-like proteinase [polyprotein_range=YP_009724389.1:3264-3569] [polyprotein=ORF1ab polyprotein] [organism=Severe acute respiratory syndrome coronavirus 2] [isolate=Wuhan-Hu-1]	15	319.3283520518746
NC_043585.1 |Ilesha virus strain R5964 segment S, complete sequence	YP_009725307.1 RNA-dependent RNA polymerase [polyprotein_range=YP_009724389.1:4393-5324] [polyprotein=ORF1ab polyprotein] [organism=Severe acute respiratory syndrome coronavirus 2] [isolate=Wuhan-Hu-1]	15	319.3283520518746
NC_043585.1 |Ilesha virus strain R5964 segment S, complete sequence	YP_009725308.1 helicase [polyprotein_range=YP_009724389.1:5325-5925] [polyprotein=ORF1ab polyprotein] [organism=Severe acute respiratory syndrome coronavirus 2] [isolate=Wuhan-Hu-1]	15	319.3283520518746
NC_043585.1 |Ilesha virus strain R5964 segment S, complete sequence	YP_009742612.1 3C-like proteinase [polyprotein_range=YP_009725295.1:3264-3569] [polyprotein=ORF1a polyprotein] [organism=Severe acute respiratory syndrome coronavirus 2] [isolate=Wuhan-Hu-1]	15	319.3283520518746
NC_043585.1 |Ilesha virus strain R5964 segment S, complete sequence	YP_009725309.1 3'-to-5' exonuclease [polyprotein_range=YP_009724389.1:5926-6452] [polyprotein=ORF1ab polyprotein] [organism=Severe acute respiratory syndrome coronavirus 2] [isolate=Wuhan-Hu-1]	16	337.0328285220746
NC_043585.1 |Ilesha virus strain R5964 segment S, complete sequence	YP_009724389.1:1-7096 ORF1ab polyprotein [organism=Severe acute respiratory syndrome coronavirus 2] [isolate=Wuhan-Hu-1]	12	2279.521881912009
NC_043585.1 |Ilesha virus strain R5964 segment S, complete sequence	YP_009725307.1 RNA-dependent RNA polymerase [polyprotein_range=YP_009724389.1:4393-5324] [polyprotein=ORF1ab polyprotein] [organism=Severe acute respiratory syndrome coronavirus 2] [isolate=Wuhan-Hu-1]	12	2279.521881912009
