NC_044853.1 |Norovirus GI strain Hu/JP/1998/GI.6[PNA4]/No20-Saitama-98-17, complete genome	YP_009724389.1@1-7096 ORF1ab polyprotein [organism=Severe acute respiratory syndrome coronavirus 2] [isolate=Wuhan-Hu-1]	48	1.3116807257004588
NC_044853.1 |Norovirus GI strain Hu/JP/1998/GI.6[PNA4]/No20-Saitama-98-17, complete genome	YP_009724389.1@1-7096 ORF1ab polyprotein [organism=Severe acute respiratory syndrome coronavirus 2] [isolate=Wuhan-Hu-1]	25	14.096143751380298
NC_044853.1 |Norovirus GI strain Hu/JP/1998/GI.6[PNA4]/No20-Saitama-98-17, complete genome	YP_009725295.1@1-4405 ORF1a polyprotein [organism=Severe acute respiratory syndrome coronavirus 2] [isolate=Wuhan-Hu-1]	25	14.096143751380298
NC_044853.1 |Norovirus GI strain Hu/JP/1998/GI.6[PNA4]/No20-Saitama-98-17, complete genome	YP_009724392.1@1-75 envelope protein [organism=Severe acute respiratory syndrome coronavirus 2] [isolate=Wuhan-Hu-1]	25	14.096143751380298
NC_044853.1 |Norovirus GI strain Hu/JP/1998/GI.6[PNA4]/No20-Saitama-98-17, complete genome	YP_009725298.1 nsp2 [polyprotein_range=YP_009724389.1@181-818] [polyprotein=ORF1ab polyprotein] [organism=Severe acute respiratory syndrome coronavirus 2] [isolate=Wuhan-Hu-1]	25	14.096143751380298
NC_044853.1 |Norovirus GI strain Hu/JP/1998/GI.6[PNA4]/No20-Saitama-98-17, complete genome	YP_009742609.1 nsp2 [polyprotein_range=YP_009725295.1@181-818] [polyprotein=ORF1a polyprotein] [organism=Severe acute respiratory syndrome coronavirus 2] [isolate=Wuhan-Hu-1]	25	14.096143751380298
NC_044853.1 |Norovirus GI strain Hu/JP/1998/GI.6[PNA4]/No20-Saitama-98-17, complete genome	YP_009724390.1@1-1273 surface glycoprotein [organism=Severe acute respiratory syndrome coronavirus 2] [isolate=Wuhan-Hu-1]	22	21.52260474779969
NC_044853.1 |Norovirus GI strain Hu/JP/1998/GI.6[PNA4]/No20-Saitama-98-17, complete genome	YP_009725310.1 endoRNAse [polyprotein_range=YP_009724389.1@6453-6798] [polyprotein=ORF1ab polyprotein] [organism=Severe acute respiratory syndrome coronavirus 2] [isolate=Wuhan-Hu-1]	35	84.84603928712468
NC_044853.1 |Norovirus GI strain Hu/JP/1998/GI.6[PNA4]/No20-Saitama-98-17, complete genome	YP_009724389.1@1-7096 ORF1ab polyprotein [organism=Severe acute respiratory syndrome coronavirus 2] [isolate=Wuhan-Hu-1]	17	106.9935729142128
NC_044853.1 |Norovirus GI strain Hu/JP/1998/GI.6[PNA4]/No20-Saitama-98-17, complete genome	YP_009725310.1 endoRNAse [polyprotein_range=YP_009724389.1@6453-6798] [polyprotein=ORF1ab polyprotein] [organism=Severe acute respiratory syndrome coronavirus 2] [isolate=Wuhan-Hu-1]	18	133.09088852109156
NC_044853.1 |Norovirus GI strain Hu/JP/1998/GI.6[PNA4]/No20-Saitama-98-17, complete genome	YP_009724392.1@1-75 envelope protein [organism=Severe acute respiratory syndrome coronavirus 2] [isolate=Wuhan-Hu-1]	16	147.45186247840763
NC_044853.1 |Norovirus GI strain Hu/JP/1998/GI.6[PNA4]/No20-Saitama-98-17, complete genome	YP_009725295.1@1-4405 ORF1a polyprotein [organism=Severe acute respiratory syndrome coronavirus 2] [isolate=Wuhan-Hu-1]	16	147.45186247840763
NC_044853.1 |Norovirus GI strain Hu/JP/1998/GI.6[PNA4]/No20-Saitama-98-17, complete genome	YP_009725305.1 nsp9 [polyprotein_range=YP_009724389.1@4141-4253] [polyprotein=ORF1ab polyprotein] [organism=Severe acute respiratory syndrome coronavirus 2] [isolate=Wuhan-Hu-1]	16	147.45186247840763
NC_044853.1 |Norovirus GI strain Hu/JP/1998/GI.6[PNA4]/No20-Saitama-98-17, complete genome	YP_009725309.1 3'-to-5' exonuclease [polyprotein_range=YP_009724389.1@5926-6452] [polyprotein=ORF1ab polyprotein] [organism=Severe acute respiratory syndrome coronavirus 2] [isolate=Wuhan-Hu-1]	16	147.45186247840763
NC_044853.1 |Norovirus GI strain Hu/JP/1998/GI.6[PNA4]/No20-Saitama-98-17, complete genome	YP_009742616.1 nsp9 [polyprotein_range=YP_009725295.1@4141-4253] [polyprotein=ORF1a polyprotein] [organism=Severe acute respiratory syndrome coronavirus 2] [isolate=Wuhan-Hu-1]	16	147.45186247840763
NC_044853.1 |Norovirus GI strain Hu/JP/1998/GI.6[PNA4]/No20-Saitama-98-17, complete genome	YP_009724390.1@1-1273 surface glycoprotein [organism=Severe acute respiratory syndrome coronavirus 2] [isolate=Wuhan-Hu-1]	16	252.77462139155597
NC_044853.1 |Norovirus GI strain Hu/JP/1998/GI.6[PNA4]/No20-Saitama-98-17, complete genome	YP_009724395.1@1-121 ORF7a protein [organism=Severe acute respiratory syndrome coronavirus 2] [isolate=Wuhan-Hu-1]	16	252.77462139155597
NC_044853.1 |Norovirus GI strain Hu/JP/1998/GI.6[PNA4]/No20-Saitama-98-17, complete genome	YP_009725299.1 nsp3 [polyprotein_range=YP_009724389.1@819-2763] [polyprotein=ORF1ab polyprotein] [organism=Severe acute respiratory syndrome coronavirus 2] [isolate=Wuhan-Hu-1]	16	252.77462139155597
NC_044853.1 |Norovirus GI strain Hu/JP/1998/GI.6[PNA4]/No20-Saitama-98-17, complete genome	YP_009725307.1 RNA-dependent RNA polymerase [polyprotein_range=YP_009724389.1@4393-5324] [polyprotein=ORF1ab polyprotein] [organism=Severe acute respiratory syndrome coronavirus 2] [isolate=Wuhan-Hu-1]	16	252.77462139155597
NC_044853.1 |Norovirus GI strain Hu/JP/1998/GI.6[PNA4]/No20-Saitama-98-17, complete genome	YP_009725309.1 3'-to-5' exonuclease [polyprotein_range=YP_009724389.1@5926-6452] [polyprotein=ORF1ab polyprotein] [organism=Severe acute respiratory syndrome coronavirus 2] [isolate=Wuhan-Hu-1]	16	252.77462139155597
NC_044853.1 |Norovirus GI strain Hu/JP/1998/GI.6[PNA4]/No20-Saitama-98-17, complete genome	YP_009742610.1 nsp3 [polyprotein_range=YP_009725295.1@819-2763] [polyprotein=ORF1a polyprotein] [organism=Severe acute respiratory syndrome coronavirus 2] [isolate=Wuhan-Hu-1]	16	252.77462139155597
NC_044853.1 |Norovirus GI strain Hu/JP/1998/GI.6[PNA4]/No20-Saitama-98-17, complete genome	YP_009724390.1@1-1273 surface glycoprotein [organism=Severe acute respiratory syndrome coronavirus 2] [isolate=Wuhan-Hu-1]	16	37600.224931993944
NC_044853.1 |Norovirus GI strain Hu/JP/1998/GI.6[PNA4]/No20-Saitama-98-17, complete genome	YP_009724395.1@1-121 ORF7a protein [organism=Severe acute respiratory syndrome coronavirus 2] [isolate=Wuhan-Hu-1]	16	37600.224931993944
NC_044853.1 |Norovirus GI strain Hu/JP/1998/GI.6[PNA4]/No20-Saitama-98-17, complete genome	YP_009725295.1@1-4405 ORF1a polyprotein [organism=Severe acute respiratory syndrome coronavirus 2] [isolate=Wuhan-Hu-1]	16	37600.224931993944
NC_044853.1 |Norovirus GI strain Hu/JP/1998/GI.6[PNA4]/No20-Saitama-98-17, complete genome	YP_009725299.1 nsp3 [polyprotein_range=YP_009724389.1@819-2763] [polyprotein=ORF1ab polyprotein] [organism=Severe acute respiratory syndrome coronavirus 2] [isolate=Wuhan-Hu-1]	16	37600.224931993944
NC_044853.1 |Norovirus GI strain Hu/JP/1998/GI.6[PNA4]/No20-Saitama-98-17, complete genome	YP_009725307.1 RNA-dependent RNA polymerase [polyprotein_range=YP_009724389.1@4393-5324] [polyprotein=ORF1ab polyprotein] [organism=Severe acute respiratory syndrome coronavirus 2] [isolate=Wuhan-Hu-1]	16	37600.224931993944
NC_044853.1 |Norovirus GI strain Hu/JP/1998/GI.6[PNA4]/No20-Saitama-98-17, complete genome	YP_009725309.1 3'-to-5' exonuclease [polyprotein_range=YP_009724389.1@5926-6452] [polyprotein=ORF1ab polyprotein] [organism=Severe acute respiratory syndrome coronavirus 2] [isolate=Wuhan-Hu-1]	16	37600.224931993944
NC_044853.1 |Norovirus GI strain Hu/JP/1998/GI.6[PNA4]/No20-Saitama-98-17, complete genome	YP_009742610.1 nsp3 [polyprotein_range=YP_009725295.1@819-2763] [polyprotein=ORF1a polyprotein] [organism=Severe acute respiratory syndrome coronavirus 2] [isolate=Wuhan-Hu-1]	16	37600.224931993944
