NC_043452.1 |Severe fever with thrombocytopenia syndrome virus strain HNXH segment S, complete sequence	YP_009724389.1:1-7096 ORF1ab polyprotein [organism=Severe acute respiratory syndrome coronavirus 2] [isolate=Wuhan-Hu-1]	41	2.03285096979261
NC_043452.1 |Severe fever with thrombocytopenia syndrome virus strain HNXH segment S, complete sequence	YP_009724389.1:1-7096 ORF1ab polyprotein [organism=Severe acute respiratory syndrome coronavirus 2] [isolate=Wuhan-Hu-1]	31	42.35070017453276
NC_043452.1 |Severe fever with thrombocytopenia syndrome virus strain HNXH segment S, complete sequence	YP_009724389.1:1-7096 ORF1ab polyprotein [organism=Severe acute respiratory syndrome coronavirus 2] [isolate=Wuhan-Hu-1]	16	168.5164142610373
NC_043452.1 |Severe fever with thrombocytopenia syndrome virus strain HNXH segment S, complete sequence	YP_009725295.1:1-4405 ORF1a polyprotein [organism=Severe acute respiratory syndrome coronavirus 2] [isolate=Wuhan-Hu-1]	16	168.5164142610373
NC_043452.1 |Severe fever with thrombocytopenia syndrome virus strain HNXH segment S, complete sequence	YP_009725297.1 leader protein [polyprotein_range=YP_009724389.1:1-180] [polyprotein=ORF1ab polyprotein] [organism=Severe acute respiratory syndrome coronavirus 2] [isolate=Wuhan-Hu-1]	13	441.0825998079858
NC_043452.1 |Severe fever with thrombocytopenia syndrome virus strain HNXH segment S, complete sequence	YP_009725299.1 nsp3 [polyprotein_range=YP_009724389.1:819-2763] [polyprotein=ORF1ab polyprotein] [organism=Severe acute respiratory syndrome coronavirus 2] [isolate=Wuhan-Hu-1]	13	441.0825998079858
NC_043452.1 |Severe fever with thrombocytopenia syndrome virus strain HNXH segment S, complete sequence	YP_009742608.1 leader protein [polyprotein_range=YP_009725295.1:1-180] [polyprotein=ORF1a polyprotein] [organism=Severe acute respiratory syndrome coronavirus 2] [isolate=Wuhan-Hu-1]	13	441.0825998079858
NC_043452.1 |Severe fever with thrombocytopenia syndrome virus strain HNXH segment S, complete sequence	YP_009742610.1 nsp3 [polyprotein_range=YP_009725295.1:819-2763] [polyprotein=ORF1a polyprotein] [organism=Severe acute respiratory syndrome coronavirus 2] [isolate=Wuhan-Hu-1]	13	441.0825998079858
NC_043452.1 |Severe fever with thrombocytopenia syndrome virus strain HNXH segment S, complete sequence	YP_009725307.1 RNA-dependent RNA polymerase [polyprotein_range=YP_009724389.1:4393-5324] [polyprotein=ORF1ab polyprotein] [organism=Severe acute respiratory syndrome coronavirus 2] [isolate=Wuhan-Hu-1]	15	7170.37299607391
NC_043452.1 |Severe fever with thrombocytopenia syndrome virus strain HNXH segment S, complete sequence	YP_009725310.1 endoRNAse [polyprotein_range=YP_009724389.1:6453-6798] [polyprotein=ORF1ab polyprotein] [organism=Severe acute respiratory syndrome coronavirus 2] [isolate=Wuhan-Hu-1]	15	7170.37299607391
NC_043452.1 |Severe fever with thrombocytopenia syndrome virus strain HNXH segment S, complete sequence	YP_009724390.1:1-1273 surface glycoprotein [organism=Severe acute respiratory syndrome coronavirus 2] [isolate=Wuhan-Hu-1]	13	16154.650217967479
NC_043452.1 |Severe fever with thrombocytopenia syndrome virus strain HNXH segment S, complete sequence	YP_009725295.1:1-4405 ORF1a polyprotein [organism=Severe acute respiratory syndrome coronavirus 2] [isolate=Wuhan-Hu-1]	13	16154.650217967479
NC_043452.1 |Severe fever with thrombocytopenia syndrome virus strain HNXH segment S, complete sequence	YP_009725299.1 nsp3 [polyprotein_range=YP_009724389.1:819-2763] [polyprotein=ORF1ab polyprotein] [organism=Severe acute respiratory syndrome coronavirus 2] [isolate=Wuhan-Hu-1]	13	16154.650217967479
NC_043452.1 |Severe fever with thrombocytopenia syndrome virus strain HNXH segment S, complete sequence	YP_009725311.1 2'-O-ribose methyltransferase [polyprotein_range=YP_009724389.1:6799-7096] [polyprotein=ORF1ab polyprotein] [organism=Severe acute respiratory syndrome coronavirus 2] [isolate=Wuhan-Hu-1]	13	16154.650217967479
NC_043452.1 |Severe fever with thrombocytopenia syndrome virus strain HNXH segment S, complete sequence	YP_009742610.1 nsp3 [polyprotein_range=YP_009725295.1:819-2763] [polyprotein=ORF1a polyprotein] [organism=Severe acute respiratory syndrome coronavirus 2] [isolate=Wuhan-Hu-1]	13	16154.650217967479
