NC_019027.1 |Astrovirus VA4 isolate VA4/human/Nepal/s5363, complete genome	YP_009724389.1:1-7096 ORF1ab polyprotein [organism=Severe acute respiratory syndrome coronavirus 2] [isolate=Wuhan-Hu-1]	26	22.161535597664436
NC_019027.1 |Astrovirus VA4 isolate VA4/human/Nepal/s5363, complete genome	YP_009725295.1:1-4405 ORF1a polyprotein [organism=Severe acute respiratory syndrome coronavirus 2] [isolate=Wuhan-Hu-1]	26	22.161535597664436
NC_019027.1 |Astrovirus VA4 isolate VA4/human/Nepal/s5363, complete genome	YP_009724389.1:1-7096 ORF1ab polyprotein [organism=Severe acute respiratory syndrome coronavirus 2] [isolate=Wuhan-Hu-1]	23	29.00331038973201
NC_019027.1 |Astrovirus VA4 isolate VA4/human/Nepal/s5363, complete genome	YP_009724389.1:1-7096 ORF1ab polyprotein [organism=Severe acute respiratory syndrome coronavirus 2] [isolate=Wuhan-Hu-1]	18	66.54544426054578
NC_019027.1 |Astrovirus VA4 isolate VA4/human/Nepal/s5363, complete genome	YP_009725295.1:1-4405 ORF1a polyprotein [organism=Severe acute respiratory syndrome coronavirus 2] [isolate=Wuhan-Hu-1]	18	66.54544426054578
NC_019027.1 |Astrovirus VA4 isolate VA4/human/Nepal/s5363, complete genome	YP_009725299.1 nsp3 [polyprotein_range=YP_009724389.1:819-2763] [polyprotein=ORF1ab polyprotein] [organism=Severe acute respiratory syndrome coronavirus 2] [isolate=Wuhan-Hu-1]	18	66.54544426054578
NC_019027.1 |Astrovirus VA4 isolate VA4/human/Nepal/s5363, complete genome	YP_009742610.1 nsp3 [polyprotein_range=YP_009725295.1:819-2763] [polyprotein=ORF1a polyprotein] [organism=Severe acute respiratory syndrome coronavirus 2] [isolate=Wuhan-Hu-1]	18	66.54544426054578
NC_019027.1 |Astrovirus VA4 isolate VA4/human/Nepal/s5363, complete genome	YP_009724390.1:1-1273 surface glycoprotein [organism=Severe acute respiratory syndrome coronavirus 2] [isolate=Wuhan-Hu-1]	16	168.5164142610373
NC_019027.1 |Astrovirus VA4 isolate VA4/human/Nepal/s5363, complete genome	YP_009724390.1:1-1273 surface glycoprotein [organism=Severe acute respiratory syndrome coronavirus 2] [isolate=Wuhan-Hu-1]	15	174.17910111920432
NC_019027.1 |Astrovirus VA4 isolate VA4/human/Nepal/s5363, complete genome	YP_009724389.1:1-7096 ORF1ab polyprotein [organism=Severe acute respiratory syndrome coronavirus 2] [isolate=Wuhan-Hu-1]	16	231.71006960892632
NC_019027.1 |Astrovirus VA4 isolate VA4/human/Nepal/s5363, complete genome	YP_009725295.1:1-4405 ORF1a polyprotein [organism=Severe acute respiratory syndrome coronavirus 2] [isolate=Wuhan-Hu-1]	16	231.71006960892632
NC_019027.1 |Astrovirus VA4 isolate VA4/human/Nepal/s5363, complete genome	YP_009725306.1 nsp10 [polyprotein_range=YP_009724389.1:4254-4392] [polyprotein=ORF1ab polyprotein] [organism=Severe acute respiratory syndrome coronavirus 2] [isolate=Wuhan-Hu-1]	16	231.71006960892632
NC_019027.1 |Astrovirus VA4 isolate VA4/human/Nepal/s5363, complete genome	YP_009742617.1 nsp10 [polyprotein_range=YP_009725295.1:4254-4392] [polyprotein=ORF1a polyprotein] [organism=Severe acute respiratory syndrome coronavirus 2] [isolate=Wuhan-Hu-1]	16	231.71006960892632
NC_019027.1 |Astrovirus VA4 isolate VA4/human/Nepal/s5363, complete genome	YP_009725295.1:1-4405 ORF1a polyprotein [organism=Severe acute respiratory syndrome coronavirus 2] [isolate=Wuhan-Hu-1]	15	377.38805242494266
NC_019027.1 |Astrovirus VA4 isolate VA4/human/Nepal/s5363, complete genome	YP_009725299.1 nsp3 [polyprotein_range=YP_009724389.1:819-2763] [polyprotein=ORF1ab polyprotein] [organism=Severe acute respiratory syndrome coronavirus 2] [isolate=Wuhan-Hu-1]	15	377.38805242494266
NC_019027.1 |Astrovirus VA4 isolate VA4/human/Nepal/s5363, complete genome	YP_009725308.1 helicase [polyprotein_range=YP_009724389.1:5325-5925] [polyprotein=ORF1ab polyprotein] [organism=Severe acute respiratory syndrome coronavirus 2] [isolate=Wuhan-Hu-1]	15	377.38805242494266
NC_019027.1 |Astrovirus VA4 isolate VA4/human/Nepal/s5363, complete genome	YP_009742610.1 nsp3 [polyprotein_range=YP_009725295.1:819-2763] [polyprotein=ORF1a polyprotein] [organism=Severe acute respiratory syndrome coronavirus 2] [isolate=Wuhan-Hu-1]	15	377.38805242494266
NC_019027.1 |Astrovirus VA4 isolate VA4/human/Nepal/s5363, complete genome	YP_009725299.1 nsp3 [polyprotein_range=YP_009724389.1:819-2763] [polyprotein=ORF1ab polyprotein] [organism=Severe acute respiratory syndrome coronavirus 2] [isolate=Wuhan-Hu-1]	12	1975.5856309904075
NC_019027.1 |Astrovirus VA4 isolate VA4/human/Nepal/s5363, complete genome	YP_009725304.1 nsp8 [polyprotein_range=YP_009724389.1:3943-4140] [polyprotein=ORF1ab polyprotein] [organism=Severe acute respiratory syndrome coronavirus 2] [isolate=Wuhan-Hu-1]	12	1975.5856309904075
NC_019027.1 |Astrovirus VA4 isolate VA4/human/Nepal/s5363, complete genome	YP_009742610.1 nsp3 [polyprotein_range=YP_009725295.1:819-2763] [polyprotein=ORF1a polyprotein] [organism=Severe acute respiratory syndrome coronavirus 2] [isolate=Wuhan-Hu-1]	12	1975.5856309904075
NC_019027.1 |Astrovirus VA4 isolate VA4/human/Nepal/s5363, complete genome	YP_009742615.1 nsp8 [polyprotein_range=YP_009725295.1:3943-4140] [polyprotein=ORF1a polyprotein] [organism=Severe acute respiratory syndrome coronavirus 2] [isolate=Wuhan-Hu-1]	12	1975.5856309904075
