NC_040309.1 |Human DNA virus isolate IND-KIs-REVA-1990, complete genome	YP_009724389.1:1-7096 ORF1ab polyprotein [organism=Severe acute respiratory syndrome coronavirus 2] [isolate=Wuhan-Hu-1]	31	7.201333632916503
NC_040309.1 |Human DNA virus isolate IND-KIs-REVA-1990, complete genome	YP_009724389.1:1-7096 ORF1ab polyprotein [organism=Severe acute respiratory syndrome coronavirus 2] [isolate=Wuhan-Hu-1]	21	59.32222037288589
NC_040309.1 |Human DNA virus isolate IND-KIs-REVA-1990, complete genome	YP_009725295.1:1-4405 ORF1a polyprotein [organism=Severe acute respiratory syndrome coronavirus 2] [isolate=Wuhan-Hu-1]	21	59.32222037288589
NC_040309.1 |Human DNA virus isolate IND-KIs-REVA-1990, complete genome	YP_009724389.1:1-7096 ORF1ab polyprotein [organism=Severe acute respiratory syndrome coronavirus 2] [isolate=Wuhan-Hu-1]	15	174.17910111920432
NC_040309.1 |Human DNA virus isolate IND-KIs-REVA-1990, complete genome	YP_009724390.1:1-1273 surface glycoprotein [organism=Severe acute respiratory syndrome coronavirus 2] [isolate=Wuhan-Hu-1]	15	174.17910111920432
NC_040309.1 |Human DNA virus isolate IND-KIs-REVA-1990, complete genome	YP_009724397.2:1-419 nucleocapsid phosphoprotein [organism=Severe acute respiratory syndrome coronavirus 2] [isolate=Wuhan-Hu-1]	15	174.17910111920432
NC_040309.1 |Human DNA virus isolate IND-KIs-REVA-1990, complete genome	YP_009725295.1:1-4405 ORF1a polyprotein [organism=Severe acute respiratory syndrome coronavirus 2] [isolate=Wuhan-Hu-1]	15	174.17910111920432
NC_040309.1 |Human DNA virus isolate IND-KIs-REVA-1990, complete genome	YP_009725299.1 nsp3 [polyprotein_range=YP_009724389.1:819-2763] [polyprotein=ORF1ab polyprotein] [organism=Severe acute respiratory syndrome coronavirus 2] [isolate=Wuhan-Hu-1]	15	174.17910111920432
NC_040309.1 |Human DNA virus isolate IND-KIs-REVA-1990, complete genome	YP_009742610.1 nsp3 [polyprotein_range=YP_009725295.1:819-2763] [polyprotein=ORF1a polyprotein] [organism=Severe acute respiratory syndrome coronavirus 2] [isolate=Wuhan-Hu-1]	15	174.17910111920432
NC_040309.1 |Human DNA virus isolate IND-KIs-REVA-1990, complete genome	YP_009724389.1:1-7096 ORF1ab polyprotein [organism=Severe acute respiratory syndrome coronavirus 2] [isolate=Wuhan-Hu-1]	12	227.9521881912009
NC_040309.1 |Human DNA virus isolate IND-KIs-REVA-1990, complete genome	YP_009724392.1:1-75 envelope protein [organism=Severe acute respiratory syndrome coronavirus 2] [isolate=Wuhan-Hu-1]	12	227.9521881912009
NC_040309.1 |Human DNA virus isolate IND-KIs-REVA-1990, complete genome	YP_009724396.1:1-121 ORF8 protein [organism=Severe acute respiratory syndrome coronavirus 2] [isolate=Wuhan-Hu-1]	12	227.9521881912009
NC_040309.1 |Human DNA virus isolate IND-KIs-REVA-1990, complete genome	YP_009725295.1:1-4405 ORF1a polyprotein [organism=Severe acute respiratory syndrome coronavirus 2] [isolate=Wuhan-Hu-1]	12	227.9521881912009
NC_040309.1 |Human DNA virus isolate IND-KIs-REVA-1990, complete genome	YP_009725297.1 leader protein [polyprotein_range=YP_009724389.1:1-180] [polyprotein=ORF1ab polyprotein] [organism=Severe acute respiratory syndrome coronavirus 2] [isolate=Wuhan-Hu-1]	12	227.9521881912009
NC_040309.1 |Human DNA virus isolate IND-KIs-REVA-1990, complete genome	YP_009725307.1 RNA-dependent RNA polymerase [polyprotein_range=YP_009724389.1:4393-5324] [polyprotein=ORF1ab polyprotein] [organism=Severe acute respiratory syndrome coronavirus 2] [isolate=Wuhan-Hu-1]	12	227.9521881912009
NC_040309.1 |Human DNA virus isolate IND-KIs-REVA-1990, complete genome	YP_009742608.1 leader protein [polyprotein_range=YP_009725295.1:1-180] [polyprotein=ORF1a polyprotein] [organism=Severe acute respiratory syndrome coronavirus 2] [isolate=Wuhan-Hu-1]	12	227.9521881912009
NC_040309.1 |Human DNA virus isolate IND-KIs-REVA-1990, complete genome	YP_009725299.1 nsp3 [polyprotein_range=YP_009724389.1:819-2763] [polyprotein=ORF1ab polyprotein] [organism=Severe acute respiratory syndrome coronavirus 2] [isolate=Wuhan-Hu-1]	16	294.90372495681527
NC_040309.1 |Human DNA virus isolate IND-KIs-REVA-1990, complete genome	YP_009725302.1 nsp6 [polyprotein_range=YP_009724389.1:3570-3859] [polyprotein=ORF1ab polyprotein] [organism=Severe acute respiratory syndrome coronavirus 2] [isolate=Wuhan-Hu-1]	16	294.90372495681527
NC_040309.1 |Human DNA virus isolate IND-KIs-REVA-1990, complete genome	YP_009725308.1 helicase [polyprotein_range=YP_009724389.1:5325-5925] [polyprotein=ORF1ab polyprotein] [organism=Severe acute respiratory syndrome coronavirus 2] [isolate=Wuhan-Hu-1]	16	294.90372495681527
NC_040309.1 |Human DNA virus isolate IND-KIs-REVA-1990, complete genome	YP_009742610.1 nsp3 [polyprotein_range=YP_009725295.1:819-2763] [polyprotein=ORF1a polyprotein] [organism=Severe acute respiratory syndrome coronavirus 2] [isolate=Wuhan-Hu-1]	16	294.90372495681527
NC_040309.1 |Human DNA virus isolate IND-KIs-REVA-1990, complete genome	YP_009742613.1 nsp6 [polyprotein_range=YP_009725295.1:3570-3859] [polyprotein=ORF1a polyprotein] [organism=Severe acute respiratory syndrome coronavirus 2] [isolate=Wuhan-Hu-1]	16	294.90372495681527
NC_040309.1 |Human DNA virus isolate IND-KIs-REVA-1990, complete genome	YP_009724389.1:1-7096 ORF1ab polyprotein [organism=Severe acute respiratory syndrome coronavirus 2] [isolate=Wuhan-Hu-1]	12	987.7928154952037
NC_040309.1 |Human DNA virus isolate IND-KIs-REVA-1990, complete genome	YP_009724390.1:1-1273 surface glycoprotein [organism=Severe acute respiratory syndrome coronavirus 2] [isolate=Wuhan-Hu-1]	12	987.7928154952037
NC_040309.1 |Human DNA virus isolate IND-KIs-REVA-1990, complete genome	YP_009725295.1:1-4405 ORF1a polyprotein [organism=Severe acute respiratory syndrome coronavirus 2] [isolate=Wuhan-Hu-1]	12	987.7928154952037
NC_040309.1 |Human DNA virus isolate IND-KIs-REVA-1990, complete genome	YP_009725302.1 nsp6 [polyprotein_range=YP_009724389.1:3570-3859] [polyprotein=ORF1ab polyprotein] [organism=Severe acute respiratory syndrome coronavirus 2] [isolate=Wuhan-Hu-1]	12	987.7928154952037
NC_040309.1 |Human DNA virus isolate IND-KIs-REVA-1990, complete genome	YP_009742613.1 nsp6 [polyprotein_range=YP_009725295.1:3570-3859] [polyprotein=ORF1a polyprotein] [organism=Severe acute respiratory syndrome coronavirus 2] [isolate=Wuhan-Hu-1]	12	987.7928154952037
NC_040309.1 |Human DNA virus isolate IND-KIs-REVA-1990, complete genome	YP_009724390.1:1-1273 surface glycoprotein [organism=Severe acute respiratory syndrome coronavirus 2] [isolate=Wuhan-Hu-1]	14	1000.1781791383157
NC_040309.1 |Human DNA virus isolate IND-KIs-REVA-1990, complete genome	YP_009724393.1:1-222 membrane glycoprotein [organism=Severe acute respiratory syndrome coronavirus 2] [isolate=Wuhan-Hu-1]	14	1000.1781791383157
NC_040309.1 |Human DNA virus isolate IND-KIs-REVA-1990, complete genome	YP_009724390.1:1-1273 surface glycoprotein [organism=Severe acute respiratory syndrome coronavirus 2] [isolate=Wuhan-Hu-1]	12	3191.330634676812
NC_040309.1 |Human DNA virus isolate IND-KIs-REVA-1990, complete genome	YP_009725295.1:1-4405 ORF1a polyprotein [organism=Severe acute respiratory syndrome coronavirus 2] [isolate=Wuhan-Hu-1]	12	3191.330634676812
NC_040309.1 |Human DNA virus isolate IND-KIs-REVA-1990, complete genome	YP_009725299.1 nsp3 [polyprotein_range=YP_009724389.1:819-2763] [polyprotein=ORF1ab polyprotein] [organism=Severe acute respiratory syndrome coronavirus 2] [isolate=Wuhan-Hu-1]	12	3191.330634676812
NC_040309.1 |Human DNA virus isolate IND-KIs-REVA-1990, complete genome	YP_009725309.1 3'-to-5' exonuclease [polyprotein_range=YP_009724389.1:5926-6452] [polyprotein=ORF1ab polyprotein] [organism=Severe acute respiratory syndrome coronavirus 2] [isolate=Wuhan-Hu-1]	12	3191.330634676812
NC_040309.1 |Human DNA virus isolate IND-KIs-REVA-1990, complete genome	YP_009742610.1 nsp3 [polyprotein_range=YP_009725295.1:819-2763] [polyprotein=ORF1a polyprotein] [organism=Severe acute respiratory syndrome coronavirus 2] [isolate=Wuhan-Hu-1]	12	3191.330634676812
