NC_044855.1 |Norovirus GIV strain Hu/US/2016/GIV.NA1[PNA1]/WI7002, complete genome	YP_009724389.1:1-7096 ORF1ab polyprotein [organism=Severe acute respiratory syndrome coronavirus 2] [isolate=Wuhan-Hu-1]	33	1.7152684458253193
NC_044855.1 |Norovirus GIV strain Hu/US/2016/GIV.NA1[PNA1]/WI7002, complete genome	YP_009725295.1:1-4405 ORF1a polyprotein [organism=Severe acute respiratory syndrome coronavirus 2] [isolate=Wuhan-Hu-1]	33	1.7152684458253193
NC_044855.1 |Norovirus GIV strain Hu/US/2016/GIV.NA1[PNA1]/WI7002, complete genome	YP_009724389.1:1-7096 ORF1ab polyprotein [organism=Severe acute respiratory syndrome coronavirus 2] [isolate=Wuhan-Hu-1]	16	105.32275891314832
NC_044855.1 |Norovirus GIV strain Hu/US/2016/GIV.NA1[PNA1]/WI7002, complete genome	YP_009724390.1:1-1273 surface glycoprotein [organism=Severe acute respiratory syndrome coronavirus 2] [isolate=Wuhan-Hu-1]	16	105.32275891314832
NC_044855.1 |Norovirus GIV strain Hu/US/2016/GIV.NA1[PNA1]/WI7002, complete genome	YP_009724395.1:1-121 ORF7a protein [organism=Severe acute respiratory syndrome coronavirus 2] [isolate=Wuhan-Hu-1]	16	105.32275891314832
NC_044855.1 |Norovirus GIV strain Hu/US/2016/GIV.NA1[PNA1]/WI7002, complete genome	YP_009725295.1:1-4405 ORF1a polyprotein [organism=Severe acute respiratory syndrome coronavirus 2] [isolate=Wuhan-Hu-1]	16	105.32275891314832
NC_044855.1 |Norovirus GIV strain Hu/US/2016/GIV.NA1[PNA1]/WI7002, complete genome	YP_009725299.1 nsp3 [polyprotein_range=YP_009724389.1:819-2763] [polyprotein=ORF1ab polyprotein] [organism=Severe acute respiratory syndrome coronavirus 2] [isolate=Wuhan-Hu-1]	16	105.32275891314832
NC_044855.1 |Norovirus GIV strain Hu/US/2016/GIV.NA1[PNA1]/WI7002, complete genome	YP_009725307.1 RNA-dependent RNA polymerase [polyprotein_range=YP_009724389.1:4393-5324] [polyprotein=ORF1ab polyprotein] [organism=Severe acute respiratory syndrome coronavirus 2] [isolate=Wuhan-Hu-1]	16	105.32275891314832
NC_044855.1 |Norovirus GIV strain Hu/US/2016/GIV.NA1[PNA1]/WI7002, complete genome	YP_009725309.1 3'-to-5' exonuclease [polyprotein_range=YP_009724389.1:5926-6452] [polyprotein=ORF1ab polyprotein] [organism=Severe acute respiratory syndrome coronavirus 2] [isolate=Wuhan-Hu-1]	16	105.32275891314832
NC_044855.1 |Norovirus GIV strain Hu/US/2016/GIV.NA1[PNA1]/WI7002, complete genome	YP_009725310.1 endoRNAse [polyprotein_range=YP_009724389.1:6453-6798] [polyprotein=ORF1ab polyprotein] [organism=Severe acute respiratory syndrome coronavirus 2] [isolate=Wuhan-Hu-1]	16	105.32275891314832
NC_044855.1 |Norovirus GIV strain Hu/US/2016/GIV.NA1[PNA1]/WI7002, complete genome	YP_009742610.1 nsp3 [polyprotein_range=YP_009725295.1:819-2763] [polyprotein=ORF1a polyprotein] [organism=Severe acute respiratory syndrome coronavirus 2] [isolate=Wuhan-Hu-1]	16	105.32275891314832
NC_044855.1 |Norovirus GIV strain Hu/US/2016/GIV.NA1[PNA1]/WI7002, complete genome	YP_009725298.1 nsp2 [polyprotein_range=YP_009724389.1:181-818] [polyprotein=ORF1ab polyprotein] [organism=Severe acute respiratory syndrome coronavirus 2] [isolate=Wuhan-Hu-1]	17	290.4111264814348
NC_044855.1 |Norovirus GIV strain Hu/US/2016/GIV.NA1[PNA1]/WI7002, complete genome	YP_009725300.1 nsp4 [polyprotein_range=YP_009724389.1:2764-3263] [polyprotein=ORF1ab polyprotein] [organism=Severe acute respiratory syndrome coronavirus 2] [isolate=Wuhan-Hu-1]	17	290.4111264814348
NC_044855.1 |Norovirus GIV strain Hu/US/2016/GIV.NA1[PNA1]/WI7002, complete genome	YP_009742609.1 nsp2 [polyprotein_range=YP_009725295.1:181-818] [polyprotein=ORF1a polyprotein] [organism=Severe acute respiratory syndrome coronavirus 2] [isolate=Wuhan-Hu-1]	17	290.4111264814348
NC_044855.1 |Norovirus GIV strain Hu/US/2016/GIV.NA1[PNA1]/WI7002, complete genome	YP_009742611.1 nsp4 [polyprotein_range=YP_009725295.1:2764-3263] [polyprotein=ORF1a polyprotein] [organism=Severe acute respiratory syndrome coronavirus 2] [isolate=Wuhan-Hu-1]	17	290.4111264814348
NC_044855.1 |Norovirus GIV strain Hu/US/2016/GIV.NA1[PNA1]/WI7002, complete genome	YP_009724389.1:1-7096 ORF1ab polyprotein [organism=Severe acute respiratory syndrome coronavirus 2] [isolate=Wuhan-Hu-1]	16	758.3238641746678
NC_044855.1 |Norovirus GIV strain Hu/US/2016/GIV.NA1[PNA1]/WI7002, complete genome	YP_009724390.1:1-1273 surface glycoprotein [organism=Severe acute respiratory syndrome coronavirus 2] [isolate=Wuhan-Hu-1]	16	758.3238641746678
NC_044855.1 |Norovirus GIV strain Hu/US/2016/GIV.NA1[PNA1]/WI7002, complete genome	YP_009725295.1:1-4405 ORF1a polyprotein [organism=Severe acute respiratory syndrome coronavirus 2] [isolate=Wuhan-Hu-1]	16	758.3238641746678
NC_044855.1 |Norovirus GIV strain Hu/US/2016/GIV.NA1[PNA1]/WI7002, complete genome	YP_009725299.1 nsp3 [polyprotein_range=YP_009724389.1:819-2763] [polyprotein=ORF1ab polyprotein] [organism=Severe acute respiratory syndrome coronavirus 2] [isolate=Wuhan-Hu-1]	16	758.3238641746678
NC_044855.1 |Norovirus GIV strain Hu/US/2016/GIV.NA1[PNA1]/WI7002, complete genome	YP_009742610.1 nsp3 [polyprotein_range=YP_009725295.1:819-2763] [polyprotein=ORF1a polyprotein] [organism=Severe acute respiratory syndrome coronavirus 2] [isolate=Wuhan-Hu-1]	16	758.3238641746678
NC_044855.1 |Norovirus GIV strain Hu/US/2016/GIV.NA1[PNA1]/WI7002, complete genome	YP_009724390.1:1-1273 surface glycoprotein [organism=Severe acute respiratory syndrome coronavirus 2] [isolate=Wuhan-Hu-1]	14	760.1354161451201
