NC_043451.1 |Severe fever with thrombocytopenia syndrome virus strain HNXH segment M, complete sequence	YP_009724389.1@1-7096 ORF1ab polyprotein [organism=Severe acute respiratory syndrome coronavirus 2] [isolate=Wuhan-Hu-1]	44	2.844198654848655
NC_043451.1 |Severe fever with thrombocytopenia syndrome virus strain HNXH segment M, complete sequence	YP_009725295.1@1-4405 ORF1a polyprotein [organism=Severe acute respiratory syndrome coronavirus 2] [isolate=Wuhan-Hu-1]	43	3.9196970200469528
NC_043451.1 |Severe fever with thrombocytopenia syndrome virus strain HNXH segment M, complete sequence	YP_009724389.1@1-7096 ORF1ab polyprotein [organism=Severe acute respiratory syndrome coronavirus 2] [isolate=Wuhan-Hu-1]	18	199.63633278163735
NC_043451.1 |Severe fever with thrombocytopenia syndrome virus strain HNXH segment M, complete sequence	YP_009724390.1@1-1273 surface glycoprotein [organism=Severe acute respiratory syndrome coronavirus 2] [isolate=Wuhan-Hu-1]	18	199.63633278163735
NC_043451.1 |Severe fever with thrombocytopenia syndrome virus strain HNXH segment M, complete sequence	YP_009725295.1@1-4405 ORF1a polyprotein [organism=Severe acute respiratory syndrome coronavirus 2] [isolate=Wuhan-Hu-1]	18	199.63633278163735
NC_043451.1 |Severe fever with thrombocytopenia syndrome virus strain HNXH segment M, complete sequence	YP_009725298.1 nsp2 [polyprotein_range=YP_009724389.1@181-818] [polyprotein=ORF1ab polyprotein] [organism=Severe acute respiratory syndrome coronavirus 2] [isolate=Wuhan-Hu-1]	18	199.63633278163735
NC_043451.1 |Severe fever with thrombocytopenia syndrome virus strain HNXH segment M, complete sequence	YP_009742609.1 nsp2 [polyprotein_range=YP_009725295.1@181-818] [polyprotein=ORF1a polyprotein] [organism=Severe acute respiratory syndrome coronavirus 2] [isolate=Wuhan-Hu-1]	18	199.63633278163735
NC_043451.1 |Severe fever with thrombocytopenia syndrome virus strain HNXH segment M, complete sequence	YP_009724397.2@1-419 nucleocapsid phosphoprotein [organism=Severe acute respiratory syndrome coronavirus 2] [isolate=Wuhan-Hu-1]	17	275.1263303508329
NC_043451.1 |Severe fever with thrombocytopenia syndrome virus strain HNXH segment M, complete sequence	YP_009724395.1@1-121 ORF7a protein [organism=Severe acute respiratory syndrome coronavirus 2] [isolate=Wuhan-Hu-1]	19	281.6712691884674
NC_043451.1 |Severe fever with thrombocytopenia syndrome virus strain HNXH segment M, complete sequence	YP_009724396.1@1-121 ORF8 protein [organism=Severe acute respiratory syndrome coronavirus 2] [isolate=Wuhan-Hu-1]	19	281.6712691884674
NC_043451.1 |Severe fever with thrombocytopenia syndrome virus strain HNXH segment M, complete sequence	YP_009724389.1@1-7096 ORF1ab polyprotein [organism=Severe acute respiratory syndrome coronavirus 2] [isolate=Wuhan-Hu-1]	15	1016.0447565286918
NC_043451.1 |Severe fever with thrombocytopenia syndrome virus strain HNXH segment M, complete sequence	YP_009725295.1@1-4405 ORF1a polyprotein [organism=Severe acute respiratory syndrome coronavirus 2] [isolate=Wuhan-Hu-1]	15	1016.0447565286918
NC_043451.1 |Severe fever with thrombocytopenia syndrome virus strain HNXH segment M, complete sequence	YP_009725299.1 nsp3 [polyprotein_range=YP_009724389.1@819-2763] [polyprotein=ORF1ab polyprotein] [organism=Severe acute respiratory syndrome coronavirus 2] [isolate=Wuhan-Hu-1]	15	1016.0447565286918
NC_043451.1 |Severe fever with thrombocytopenia syndrome virus strain HNXH segment M, complete sequence	YP_009742610.1 nsp3 [polyprotein_range=YP_009725295.1@819-2763] [polyprotein=ORF1a polyprotein] [organism=Severe acute respiratory syndrome coronavirus 2] [isolate=Wuhan-Hu-1]	15	1016.0447565286918
NC_043451.1 |Severe fever with thrombocytopenia syndrome virus strain HNXH segment M, complete sequence	YP_009725298.1 nsp2 [polyprotein_range=YP_009724389.1@181-818] [polyprotein=ORF1ab polyprotein] [organism=Severe acute respiratory syndrome coronavirus 2] [isolate=Wuhan-Hu-1]	13	59160.2036992461
NC_043451.1 |Severe fever with thrombocytopenia syndrome virus strain HNXH segment M, complete sequence	YP_009725299.1 nsp3 [polyprotein_range=YP_009724389.1@819-2763] [polyprotein=ORF1ab polyprotein] [organism=Severe acute respiratory syndrome coronavirus 2] [isolate=Wuhan-Hu-1]	13	59160.2036992461
NC_043451.1 |Severe fever with thrombocytopenia syndrome virus strain HNXH segment M, complete sequence	YP_009725311.1 2'-O-ribose methyltransferase [polyprotein_range=YP_009724389.1@6799-7096] [polyprotein=ORF1ab polyprotein] [organism=Severe acute respiratory syndrome coronavirus 2] [isolate=Wuhan-Hu-1]	13	59160.2036992461
NC_043451.1 |Severe fever with thrombocytopenia syndrome virus strain HNXH segment M, complete sequence	YP_009742609.1 nsp2 [polyprotein_range=YP_009725295.1@181-818] [polyprotein=ORF1a polyprotein] [organism=Severe acute respiratory syndrome coronavirus 2] [isolate=Wuhan-Hu-1]	13	59160.2036992461
NC_043451.1 |Severe fever with thrombocytopenia syndrome virus strain HNXH segment M, complete sequence	YP_009742610.1 nsp3 [polyprotein_range=YP_009725295.1@819-2763] [polyprotein=ORF1a polyprotein] [organism=Severe acute respiratory syndrome coronavirus 2] [isolate=Wuhan-Hu-1]	13	59160.2036992461
