NC_019843.3 |Middle East respiratory syndrome-related coronavirus isolate HCoV-EMC/2012, complete genome	YP_009724389.1@1-7096 ORF1ab polyprotein [organism=Severe acute respiratory syndrome coronavirus 2] [isolate=Wuhan-Hu-1]	30	2.8355509790515945
NC_019843.3 |Middle East respiratory syndrome-related coronavirus isolate HCoV-EMC/2012, complete genome	YP_009725295.1@1-4405 ORF1a polyprotein [organism=Severe acute respiratory syndrome coronavirus 2] [isolate=Wuhan-Hu-1]	30	2.8355509790515945
NC_019843.3 |Middle East respiratory syndrome-related coronavirus isolate HCoV-EMC/2012, complete genome	YP_009724389.1@1-7096 ORF1ab polyprotein [organism=Severe acute respiratory syndrome coronavirus 2] [isolate=Wuhan-Hu-1]	25	9.397429167586864
NC_019843.3 |Middle East respiratory syndrome-related coronavirus isolate HCoV-EMC/2012, complete genome	YP_009724389.1@1-7096 ORF1ab polyprotein [organism=Severe acute respiratory syndrome coronavirus 2] [isolate=Wuhan-Hu-1]	22	21.52260474779969
NC_019843.3 |Middle East respiratory syndrome-related coronavirus isolate HCoV-EMC/2012, complete genome	YP_009725295.1@1-4405 ORF1a polyprotein [organism=Severe acute respiratory syndrome coronavirus 2] [isolate=Wuhan-Hu-1]	18	77.63635163730342
NC_019843.3 |Middle East respiratory syndrome-related coronavirus isolate HCoV-EMC/2012, complete genome	YP_009725302.1 nsp6 [polyprotein_range=YP_009724389.1@3570-3859] [polyprotein=ORF1ab polyprotein] [organism=Severe acute respiratory syndrome coronavirus 2] [isolate=Wuhan-Hu-1]	18	77.63635163730342
NC_019843.3 |Middle East respiratory syndrome-related coronavirus isolate HCoV-EMC/2012, complete genome	YP_009725307.1 RNA-dependent RNA polymerase [polyprotein_range=YP_009724389.1@4393-5324] [polyprotein=ORF1ab polyprotein] [organism=Severe acute respiratory syndrome coronavirus 2] [isolate=Wuhan-Hu-1]	18	77.63635163730342
NC_019843.3 |Middle East respiratory syndrome-related coronavirus isolate HCoV-EMC/2012, complete genome	YP_009742613.1 nsp6 [polyprotein_range=YP_009725295.1@3570-3859] [polyprotein=ORF1a polyprotein] [organism=Severe acute respiratory syndrome coronavirus 2] [isolate=Wuhan-Hu-1]	18	77.63635163730342
NC_019843.3 |Middle East respiratory syndrome-related coronavirus isolate HCoV-EMC/2012, complete genome	YP_009724389.1@1-7096 ORF1ab polyprotein [organism=Severe acute respiratory syndrome coronavirus 2] [isolate=Wuhan-Hu-1]	16	84.25820713051866
NC_019843.3 |Middle East respiratory syndrome-related coronavirus isolate HCoV-EMC/2012, complete genome	YP_009725295.1@1-4405 ORF1a polyprotein [organism=Severe acute respiratory syndrome coronavirus 2] [isolate=Wuhan-Hu-1]	16	84.25820713051866
NC_019843.3 |Middle East respiratory syndrome-related coronavirus isolate HCoV-EMC/2012, complete genome	YP_009725295.1@1-4405 ORF1a polyprotein [organism=Severe acute respiratory syndrome coronavirus 2] [isolate=Wuhan-Hu-1]	18	88.72725901406105
NC_019843.3 |Middle East respiratory syndrome-related coronavirus isolate HCoV-EMC/2012, complete genome	YP_009725302.1 nsp6 [polyprotein_range=YP_009724389.1@3570-3859] [polyprotein=ORF1ab polyprotein] [organism=Severe acute respiratory syndrome coronavirus 2] [isolate=Wuhan-Hu-1]	18	88.72725901406105
NC_019843.3 |Middle East respiratory syndrome-related coronavirus isolate HCoV-EMC/2012, complete genome	YP_009725307.1 RNA-dependent RNA polymerase [polyprotein_range=YP_009724389.1@4393-5324] [polyprotein=ORF1ab polyprotein] [organism=Severe acute respiratory syndrome coronavirus 2] [isolate=Wuhan-Hu-1]	18	88.72725901406105
NC_019843.3 |Middle East respiratory syndrome-related coronavirus isolate HCoV-EMC/2012, complete genome	YP_009742613.1 nsp6 [polyprotein_range=YP_009725295.1@3570-3859] [polyprotein=ORF1a polyprotein] [organism=Severe acute respiratory syndrome coronavirus 2] [isolate=Wuhan-Hu-1]	18	88.72725901406105
NC_019843.3 |Middle East respiratory syndrome-related coronavirus isolate HCoV-EMC/2012, complete genome	YP_009725302.1 nsp6 [polyprotein_range=YP_009724389.1@3570-3859] [polyprotein=ORF1ab polyprotein] [organism=Severe acute respiratory syndrome coronavirus 2] [isolate=Wuhan-Hu-1]	18	133.09088852109156
NC_019843.3 |Middle East respiratory syndrome-related coronavirus isolate HCoV-EMC/2012, complete genome	YP_009725307.1 RNA-dependent RNA polymerase [polyprotein_range=YP_009724389.1@4393-5324] [polyprotein=ORF1ab polyprotein] [organism=Severe acute respiratory syndrome coronavirus 2] [isolate=Wuhan-Hu-1]	18	133.09088852109156
NC_019843.3 |Middle East respiratory syndrome-related coronavirus isolate HCoV-EMC/2012, complete genome	YP_009742613.1 nsp6 [polyprotein_range=YP_009725295.1@3570-3859] [polyprotein=ORF1a polyprotein] [organism=Severe acute respiratory syndrome coronavirus 2] [isolate=Wuhan-Hu-1]	18	133.09088852109156
NC_019843.3 |Middle East respiratory syndrome-related coronavirus isolate HCoV-EMC/2012, complete genome	YP_009725299.1 nsp3 [polyprotein_range=YP_009724389.1@819-2763] [polyprotein=ORF1ab polyprotein] [organism=Severe acute respiratory syndrome coronavirus 2] [isolate=Wuhan-Hu-1]	18	133.09088852109156
NC_019843.3 |Middle East respiratory syndrome-related coronavirus isolate HCoV-EMC/2012, complete genome	YP_009742610.1 nsp3 [polyprotein_range=YP_009725295.1@819-2763] [polyprotein=ORF1a polyprotein] [organism=Severe acute respiratory syndrome coronavirus 2] [isolate=Wuhan-Hu-1]	18	133.09088852109156
NC_019843.3 |Middle East respiratory syndrome-related coronavirus isolate HCoV-EMC/2012, complete genome	YP_009724397.2@1-419 nucleocapsid phosphoprotein [organism=Severe acute respiratory syndrome coronavirus 2] [isolate=Wuhan-Hu-1]	14	160.02850866213052
NC_019843.3 |Middle East respiratory syndrome-related coronavirus isolate HCoV-EMC/2012, complete genome	YP_009725299.1 nsp3 [polyprotein_range=YP_009724389.1@819-2763] [polyprotein=ORF1ab polyprotein] [organism=Severe acute respiratory syndrome coronavirus 2] [isolate=Wuhan-Hu-1]	14	160.02850866213052
NC_019843.3 |Middle East respiratory syndrome-related coronavirus isolate HCoV-EMC/2012, complete genome	YP_009725308.1 helicase [polyprotein_range=YP_009724389.1@5325-5925] [polyprotein=ORF1ab polyprotein] [organism=Severe acute respiratory syndrome coronavirus 2] [isolate=Wuhan-Hu-1]	14	160.02850866213052
NC_019843.3 |Middle East respiratory syndrome-related coronavirus isolate HCoV-EMC/2012, complete genome	YP_009725310.1 endoRNAse [polyprotein_range=YP_009724389.1@6453-6798] [polyprotein=ORF1ab polyprotein] [organism=Severe acute respiratory syndrome coronavirus 2] [isolate=Wuhan-Hu-1]	14	160.02850866213052
NC_019843.3 |Middle East respiratory syndrome-related coronavirus isolate HCoV-EMC/2012, complete genome	YP_009742610.1 nsp3 [polyprotein_range=YP_009725295.1@819-2763] [polyprotein=ORF1a polyprotein] [organism=Severe acute respiratory syndrome coronavirus 2] [isolate=Wuhan-Hu-1]	14	160.02850866213052
NC_019843.3 |Middle East respiratory syndrome-related coronavirus isolate HCoV-EMC/2012, complete genome	YP_009724390.1@1-1273 surface glycoprotein [organism=Severe acute respiratory syndrome coronavirus 2] [isolate=Wuhan-Hu-1]	13	220.5412999039929
NC_019843.3 |Middle East respiratory syndrome-related coronavirus isolate HCoV-EMC/2012, complete genome	YP_009725297.1 leader protein [polyprotein_range=YP_009724389.1@1-180] [polyprotein=ORF1ab polyprotein] [organism=Severe acute respiratory syndrome coronavirus 2] [isolate=Wuhan-Hu-1]	13	220.5412999039929
NC_019843.3 |Middle East respiratory syndrome-related coronavirus isolate HCoV-EMC/2012, complete genome	YP_009725298.1 nsp2 [polyprotein_range=YP_009724389.1@181-818] [polyprotein=ORF1ab polyprotein] [organism=Severe acute respiratory syndrome coronavirus 2] [isolate=Wuhan-Hu-1]	13	220.5412999039929
NC_019843.3 |Middle East respiratory syndrome-related coronavirus isolate HCoV-EMC/2012, complete genome	YP_009725304.1 nsp8 [polyprotein_range=YP_009724389.1@3943-4140] [polyprotein=ORF1ab polyprotein] [organism=Severe acute respiratory syndrome coronavirus 2] [isolate=Wuhan-Hu-1]	13	220.5412999039929
NC_019843.3 |Middle East respiratory syndrome-related coronavirus isolate HCoV-EMC/2012, complete genome	YP_009725307.1 RNA-dependent RNA polymerase [polyprotein_range=YP_009724389.1@4393-5324] [polyprotein=ORF1ab polyprotein] [organism=Severe acute respiratory syndrome coronavirus 2] [isolate=Wuhan-Hu-1]	13	220.5412999039929
NC_019843.3 |Middle East respiratory syndrome-related coronavirus isolate HCoV-EMC/2012, complete genome	YP_009742608.1 leader protein [polyprotein_range=YP_009725295.1@1-180] [polyprotein=ORF1a polyprotein] [organism=Severe acute respiratory syndrome coronavirus 2] [isolate=Wuhan-Hu-1]	13	220.5412999039929
NC_019843.3 |Middle East respiratory syndrome-related coronavirus isolate HCoV-EMC/2012, complete genome	YP_009742609.1 nsp2 [polyprotein_range=YP_009725295.1@181-818] [polyprotein=ORF1a polyprotein] [organism=Severe acute respiratory syndrome coronavirus 2] [isolate=Wuhan-Hu-1]	13	220.5412999039929
NC_019843.3 |Middle East respiratory syndrome-related coronavirus isolate HCoV-EMC/2012, complete genome	YP_009742615.1 nsp8 [polyprotein_range=YP_009725295.1@3943-4140] [polyprotein=ORF1a polyprotein] [organism=Severe acute respiratory syndrome coronavirus 2] [isolate=Wuhan-Hu-1]	13	220.5412999039929
NC_019843.3 |Middle East respiratory syndrome-related coronavirus isolate HCoV-EMC/2012, complete genome	YP_009724390.1@1-1273 surface glycoprotein [organism=Severe acute respiratory syndrome coronavirus 2] [isolate=Wuhan-Hu-1]	14	320.05701732426104
NC_019843.3 |Middle East respiratory syndrome-related coronavirus isolate HCoV-EMC/2012, complete genome	YP_009725308.1 helicase [polyprotein_range=YP_009724389.1@5325-5925] [polyprotein=ORF1ab polyprotein] [organism=Severe acute respiratory syndrome coronavirus 2] [isolate=Wuhan-Hu-1]	14	320.05701732426104
NC_019843.3 |Middle East respiratory syndrome-related coronavirus isolate HCoV-EMC/2012, complete genome	YP_009724390.1@1-1273 surface glycoprotein [organism=Severe acute respiratory syndrome coronavirus 2] [isolate=Wuhan-Hu-1]	13	385.94727483198756
NC_019843.3 |Middle East respiratory syndrome-related coronavirus isolate HCoV-EMC/2012, complete genome	YP_009724390.1@1-1273 surface glycoprotein [organism=Severe acute respiratory syndrome coronavirus 2] [isolate=Wuhan-Hu-1]	12	911.8087527648036
NC_019843.3 |Middle East respiratory syndrome-related coronavirus isolate HCoV-EMC/2012, complete genome	YP_009725318.1@1-43 ORF7b [organism=Severe acute respiratory syndrome coronavirus 2] [isolate=Wuhan-Hu-1]	12	911.8087527648036
