lcl|NZ_CP027599.1_cds_WP_000072067.1_4 [gene=gyrB] [locus_tag=C7A06_RS00020] [protein=DNA topoisomerase (ATP-hydrolyzing) subunit B] [protein_id=WP_000072067.1] [location=3254..5668] [gbkey=CDS]	YP_009724389.1:1-7096 ORF1ab polyprotein [organism=Severe acute respiratory syndrome coronavirus 2] [isolate=Wuhan-Hu-1]	35	10.694878901738406
lcl|NZ_CP027599.1_cds_WP_000072067.1_4 [gene=gyrB] [locus_tag=C7A06_RS00020] [protein=DNA topoisomerase (ATP-hydrolyzing) subunit B] [protein_id=WP_000072067.1] [location=3254..5668] [gbkey=CDS]	YP_009724389.1:1-7096 ORF1ab polyprotein [organism=Severe acute respiratory syndrome coronavirus 2] [isolate=Wuhan-Hu-1]	19	32.19100219296771
lcl|NZ_CP027599.1_cds_WP_000072067.1_4 [gene=gyrB] [locus_tag=C7A06_RS00020] [protein=DNA topoisomerase (ATP-hydrolyzing) subunit B] [protein_id=WP_000072067.1] [location=3254..5668] [gbkey=CDS]	YP_009725295.1:1-4405 ORF1a polyprotein [organism=Severe acute respiratory syndrome coronavirus 2] [isolate=Wuhan-Hu-1]	19	32.19100219296771
lcl|NZ_CP027599.1_cds_WP_000072067.1_4 [gene=gyrB] [locus_tag=C7A06_RS00020] [protein=DNA topoisomerase (ATP-hydrolyzing) subunit B] [protein_id=WP_000072067.1] [location=3254..5668] [gbkey=CDS]	YP_009725298.1 nsp2 [polyprotein_range=YP_009724389.1:181-818] [polyprotein=ORF1ab polyprotein] [organism=Severe acute respiratory syndrome coronavirus 2] [isolate=Wuhan-Hu-1]	19	32.19100219296771
lcl|NZ_CP027599.1_cds_WP_000072067.1_4 [gene=gyrB] [locus_tag=C7A06_RS00020] [protein=DNA topoisomerase (ATP-hydrolyzing) subunit B] [protein_id=WP_000072067.1] [location=3254..5668] [gbkey=CDS]	YP_009742609.1 nsp2 [polyprotein_range=YP_009725295.1:181-818] [polyprotein=ORF1a polyprotein] [organism=Severe acute respiratory syndrome coronavirus 2] [isolate=Wuhan-Hu-1]	19	32.19100219296771
lcl|NZ_CP027599.1_cds_WP_000072067.1_4 [gene=gyrB] [locus_tag=C7A06_RS00020] [protein=DNA topoisomerase (ATP-hydrolyzing) subunit B] [protein_id=WP_000072067.1] [location=3254..5668] [gbkey=CDS]	YP_009724389.1:1-7096 ORF1ab polyprotein [organism=Severe acute respiratory syndrome coronavirus 2] [isolate=Wuhan-Hu-1]	35	38.21636727554524
lcl|NZ_CP027599.1_cds_WP_000072067.1_4 [gene=gyrB] [locus_tag=C7A06_RS00020] [protein=DNA topoisomerase (ATP-hydrolyzing) subunit B] [protein_id=WP_000072067.1] [location=3254..5668] [gbkey=CDS]	YP_009725295.1:1-4405 ORF1a polyprotein [organism=Severe acute respiratory syndrome coronavirus 2] [isolate=Wuhan-Hu-1]	35	38.21636727554524
lcl|NZ_CP027599.1_cds_WP_000072067.1_4 [gene=gyrB] [locus_tag=C7A06_RS00020] [protein=DNA topoisomerase (ATP-hydrolyzing) subunit B] [protein_id=WP_000072067.1] [location=3254..5668] [gbkey=CDS]	YP_009725299.1 nsp3 [polyprotein_range=YP_009724389.1:819-2763] [polyprotein=ORF1ab polyprotein] [organism=Severe acute respiratory syndrome coronavirus 2] [isolate=Wuhan-Hu-1]	35	38.21636727554524
lcl|NZ_CP027599.1_cds_WP_000072067.1_4 [gene=gyrB] [locus_tag=C7A06_RS00020] [protein=DNA topoisomerase (ATP-hydrolyzing) subunit B] [protein_id=WP_000072067.1] [location=3254..5668] [gbkey=CDS]	YP_009742610.1 nsp3 [polyprotein_range=YP_009725295.1:819-2763] [polyprotein=ORF1a polyprotein] [organism=Severe acute respiratory syndrome coronavirus 2] [isolate=Wuhan-Hu-1]	35	38.21636727554524
lcl|NZ_CP027599.1_cds_WP_000072067.1_4 [gene=gyrB] [locus_tag=C7A06_RS00020] [protein=DNA topoisomerase (ATP-hydrolyzing) subunit B] [protein_id=WP_000072067.1] [location=3254..5668] [gbkey=CDS]	YP_009725299.1 nsp3 [polyprotein_range=YP_009724389.1:819-2763] [polyprotein=ORF1ab polyprotein] [organism=Severe acute respiratory syndrome coronavirus 2] [isolate=Wuhan-Hu-1]	15	116.11940074613621
lcl|NZ_CP027599.1_cds_WP_000072067.1_4 [gene=gyrB] [locus_tag=C7A06_RS00020] [protein=DNA topoisomerase (ATP-hydrolyzing) subunit B] [protein_id=WP_000072067.1] [location=3254..5668] [gbkey=CDS]	YP_009725308.1 helicase [polyprotein_range=YP_009724389.1:5325-5925] [polyprotein=ORF1ab polyprotein] [organism=Severe acute respiratory syndrome coronavirus 2] [isolate=Wuhan-Hu-1]	15	116.11940074613621
lcl|NZ_CP027599.1_cds_WP_000072067.1_4 [gene=gyrB] [locus_tag=C7A06_RS00020] [protein=DNA topoisomerase (ATP-hydrolyzing) subunit B] [protein_id=WP_000072067.1] [location=3254..5668] [gbkey=CDS]	YP_009742610.1 nsp3 [polyprotein_range=YP_009725295.1:819-2763] [polyprotein=ORF1a polyprotein] [organism=Severe acute respiratory syndrome coronavirus 2] [isolate=Wuhan-Hu-1]	15	116.11940074613621
lcl|NZ_CP027599.1_cds_WP_000072067.1_4 [gene=gyrB] [locus_tag=C7A06_RS00020] [protein=DNA topoisomerase (ATP-hydrolyzing) subunit B] [protein_id=WP_000072067.1] [location=3254..5668] [gbkey=CDS]	YP_009725295.1:1-4405 ORF1a polyprotein [organism=Severe acute respiratory syndrome coronavirus 2] [isolate=Wuhan-Hu-1]	24	364.2454740431458
lcl|NZ_CP027599.1_cds_WP_000072067.1_4 [gene=gyrB] [locus_tag=C7A06_RS00020] [protein=DNA topoisomerase (ATP-hydrolyzing) subunit B] [protein_id=WP_000072067.1] [location=3254..5668] [gbkey=CDS]	YP_009724394.1:1-61 ORF6 protein [organism=Severe acute respiratory syndrome coronavirus 2] [isolate=Wuhan-Hu-1]	13	661.6238997119787
lcl|NZ_CP027599.1_cds_WP_000072067.1_4 [gene=gyrB] [locus_tag=C7A06_RS00020] [protein=DNA topoisomerase (ATP-hydrolyzing) subunit B] [protein_id=WP_000072067.1] [location=3254..5668] [gbkey=CDS]	YP_009724396.1:1-121 ORF8 protein [organism=Severe acute respiratory syndrome coronavirus 2] [isolate=Wuhan-Hu-1]	13	661.6238997119787
lcl|NZ_CP027599.1_cds_WP_000072067.1_4 [gene=gyrB] [locus_tag=C7A06_RS00020] [protein=DNA topoisomerase (ATP-hydrolyzing) subunit B] [protein_id=WP_000072067.1] [location=3254..5668] [gbkey=CDS]	YP_009724389.1:1-7096 ORF1ab polyprotein [organism=Severe acute respiratory syndrome coronavirus 2] [isolate=Wuhan-Hu-1]	13	716.7592246879768
lcl|NZ_CP027599.1_cds_WP_000072067.1_4 [gene=gyrB] [locus_tag=C7A06_RS00020] [protein=DNA topoisomerase (ATP-hydrolyzing) subunit B] [protein_id=WP_000072067.1] [location=3254..5668] [gbkey=CDS]	YP_009724390.1:1-1273 surface glycoprotein [organism=Severe acute respiratory syndrome coronavirus 2] [isolate=Wuhan-Hu-1]	13	716.7592246879768
lcl|NZ_CP027599.1_cds_WP_000072067.1_4 [gene=gyrB] [locus_tag=C7A06_RS00020] [protein=DNA topoisomerase (ATP-hydrolyzing) subunit B] [protein_id=WP_000072067.1] [location=3254..5668] [gbkey=CDS]	YP_009724396.1:1-121 ORF8 protein [organism=Severe acute respiratory syndrome coronavirus 2] [isolate=Wuhan-Hu-1]	13	716.7592246879768
lcl|NZ_CP027599.1_cds_WP_000072067.1_4 [gene=gyrB] [locus_tag=C7A06_RS00020] [protein=DNA topoisomerase (ATP-hydrolyzing) subunit B] [protein_id=WP_000072067.1] [location=3254..5668] [gbkey=CDS]	YP_009725295.1:1-4405 ORF1a polyprotein [organism=Severe acute respiratory syndrome coronavirus 2] [isolate=Wuhan-Hu-1]	13	716.7592246879768
lcl|NZ_CP027599.1_cds_WP_000072067.1_4 [gene=gyrB] [locus_tag=C7A06_RS00020] [protein=DNA topoisomerase (ATP-hydrolyzing) subunit B] [protein_id=WP_000072067.1] [location=3254..5668] [gbkey=CDS]	YP_009725299.1 nsp3 [polyprotein_range=YP_009724389.1:819-2763] [polyprotein=ORF1ab polyprotein] [organism=Severe acute respiratory syndrome coronavirus 2] [isolate=Wuhan-Hu-1]	13	716.7592246879768
lcl|NZ_CP027599.1_cds_WP_000072067.1_4 [gene=gyrB] [locus_tag=C7A06_RS00020] [protein=DNA topoisomerase (ATP-hydrolyzing) subunit B] [protein_id=WP_000072067.1] [location=3254..5668] [gbkey=CDS]	YP_009742610.1 nsp3 [polyprotein_range=YP_009725295.1:819-2763] [polyprotein=ORF1a polyprotein] [organism=Severe acute respiratory syndrome coronavirus 2] [isolate=Wuhan-Hu-1]	13	716.7592246879768
lcl|NZ_CP027599.1_cds_WP_000072067.1_4 [gene=gyrB] [locus_tag=C7A06_RS00020] [protein=DNA topoisomerase (ATP-hydrolyzing) subunit B] [protein_id=WP_000072067.1] [location=3254..5668] [gbkey=CDS]	YP_009725302.1 nsp6 [polyprotein_range=YP_009724389.1:3570-3859] [polyprotein=ORF1ab polyprotein] [organism=Severe acute respiratory syndrome coronavirus 2] [isolate=Wuhan-Hu-1]	14	9001.60361224484
lcl|NZ_CP027599.1_cds_WP_000072067.1_4 [gene=gyrB] [locus_tag=C7A06_RS00020] [protein=DNA topoisomerase (ATP-hydrolyzing) subunit B] [protein_id=WP_000072067.1] [location=3254..5668] [gbkey=CDS]	YP_009725304.1 nsp8 [polyprotein_range=YP_009724389.1:3943-4140] [polyprotein=ORF1ab polyprotein] [organism=Severe acute respiratory syndrome coronavirus 2] [isolate=Wuhan-Hu-1]	14	9001.60361224484
lcl|NZ_CP027599.1_cds_WP_000072067.1_4 [gene=gyrB] [locus_tag=C7A06_RS00020] [protein=DNA topoisomerase (ATP-hydrolyzing) subunit B] [protein_id=WP_000072067.1] [location=3254..5668] [gbkey=CDS]	YP_009725308.1 helicase [polyprotein_range=YP_009724389.1:5325-5925] [polyprotein=ORF1ab polyprotein] [organism=Severe acute respiratory syndrome coronavirus 2] [isolate=Wuhan-Hu-1]	14	9001.60361224484
lcl|NZ_CP027599.1_cds_WP_000072067.1_4 [gene=gyrB] [locus_tag=C7A06_RS00020] [protein=DNA topoisomerase (ATP-hydrolyzing) subunit B] [protein_id=WP_000072067.1] [location=3254..5668] [gbkey=CDS]	YP_009742613.1 nsp6 [polyprotein_range=YP_009725295.1:3570-3859] [polyprotein=ORF1a polyprotein] [organism=Severe acute respiratory syndrome coronavirus 2] [isolate=Wuhan-Hu-1]	14	9001.60361224484
lcl|NZ_CP027599.1_cds_WP_000072067.1_4 [gene=gyrB] [locus_tag=C7A06_RS00020] [protein=DNA topoisomerase (ATP-hydrolyzing) subunit B] [protein_id=WP_000072067.1] [location=3254..5668] [gbkey=CDS]	YP_009742615.1 nsp8 [polyprotein_range=YP_009725295.1:3943-4140] [polyprotein=ORF1a polyprotein] [organism=Severe acute respiratory syndrome coronavirus 2] [isolate=Wuhan-Hu-1]	14	9001.60361224484
lcl|NZ_CP027599.1_cds_WP_000072067.1_4 [gene=gyrB] [locus_tag=C7A06_RS00020] [protein=DNA topoisomerase (ATP-hydrolyzing) subunit B] [protein_id=WP_000072067.1] [location=3254..5668] [gbkey=CDS]	YP_009724396.1:1-121 ORF8 protein [organism=Severe acute respiratory syndrome coronavirus 2] [isolate=Wuhan-Hu-1]	14	32165.730241088233
