lcl|NZ_CP027599.1_cds_WP_000060112.1_3 [gene=recF] [locus_tag=C7A06_RS00015] [protein=DNA replication/repair protein RecF] [protein_id=WP_000060112.1] [location=2152..3225] [gbkey=CDS]	YP_009724389.1:1-7096 ORF1ab polyprotein [organism=Severe acute respiratory syndrome coronavirus 2] [isolate=Wuhan-Hu-1]	36	12.31314510154591
lcl|NZ_CP027599.1_cds_WP_000060112.1_3 [gene=recF] [locus_tag=C7A06_RS00015] [protein=DNA replication/repair protein RecF] [protein_id=WP_000060112.1] [location=2152..3225] [gbkey=CDS]	YP_009724390.1:1-1273 surface glycoprotein [organism=Severe acute respiratory syndrome coronavirus 2] [isolate=Wuhan-Hu-1]	35	16.969207857424937
lcl|NZ_CP027599.1_cds_WP_000060112.1_3 [gene=recF] [locus_tag=C7A06_RS00015] [protein=DNA replication/repair protein RecF] [protein_id=WP_000060112.1] [location=2152..3225] [gbkey=CDS]	YP_009724389.1:1-7096 ORF1ab polyprotein [organism=Severe acute respiratory syndrome coronavirus 2] [isolate=Wuhan-Hu-1]	20	35.03750596048832
lcl|NZ_CP027599.1_cds_WP_000060112.1_3 [gene=recF] [locus_tag=C7A06_RS00015] [protein=DNA replication/repair protein RecF] [protein_id=WP_000060112.1] [location=2152..3225] [gbkey=CDS]	YP_009725295.1:1-4405 ORF1a polyprotein [organism=Severe acute respiratory syndrome coronavirus 2] [isolate=Wuhan-Hu-1]	20	35.03750596048832
lcl|NZ_CP027599.1_cds_WP_000060112.1_3 [gene=recF] [locus_tag=C7A06_RS00015] [protein=DNA replication/repair protein RecF] [protein_id=WP_000060112.1] [location=2152..3225] [gbkey=CDS]	YP_009725298.1 nsp2 [polyprotein_range=YP_009724389.1:181-818] [polyprotein=ORF1ab polyprotein] [organism=Severe acute respiratory syndrome coronavirus 2] [isolate=Wuhan-Hu-1]	20	35.03750596048832
lcl|NZ_CP027599.1_cds_WP_000060112.1_3 [gene=recF] [locus_tag=C7A06_RS00015] [protein=DNA replication/repair protein RecF] [protein_id=WP_000060112.1] [location=2152..3225] [gbkey=CDS]	YP_009742609.1 nsp2 [polyprotein_range=YP_009725295.1:181-818] [polyprotein=ORF1a polyprotein] [organism=Severe acute respiratory syndrome coronavirus 2] [isolate=Wuhan-Hu-1]	20	35.03750596048832
lcl|NZ_CP027599.1_cds_WP_000060112.1_3 [gene=recF] [locus_tag=C7A06_RS00015] [protein=DNA replication/repair protein RecF] [protein_id=WP_000060112.1] [location=2152..3225] [gbkey=CDS]	YP_009724389.1:1-7096 ORF1ab polyprotein [organism=Severe acute respiratory syndrome coronavirus 2] [isolate=Wuhan-Hu-1]	24	53.42266952632805
lcl|NZ_CP027599.1_cds_WP_000060112.1_3 [gene=recF] [locus_tag=C7A06_RS00015] [protein=DNA replication/repair protein RecF] [protein_id=WP_000060112.1] [location=2152..3225] [gbkey=CDS]	YP_009725295.1:1-4405 ORF1a polyprotein [organism=Severe acute respiratory syndrome coronavirus 2] [isolate=Wuhan-Hu-1]	24	53.42266952632805
lcl|NZ_CP027599.1_cds_WP_000060112.1_3 [gene=recF] [locus_tag=C7A06_RS00015] [protein=DNA replication/repair protein RecF] [protein_id=WP_000060112.1] [location=2152..3225] [gbkey=CDS]	YP_009724389.1:1-7096 ORF1ab polyprotein [organism=Severe acute respiratory syndrome coronavirus 2] [isolate=Wuhan-Hu-1]	21	55.08491891767975
lcl|NZ_CP027599.1_cds_WP_000060112.1_3 [gene=recF] [locus_tag=C7A06_RS00015] [protein=DNA replication/repair protein RecF] [protein_id=WP_000060112.1] [location=2152..3225] [gbkey=CDS]	YP_009725295.1:1-4405 ORF1a polyprotein [organism=Severe acute respiratory syndrome coronavirus 2] [isolate=Wuhan-Hu-1]	31	61.21133587979027
lcl|NZ_CP027599.1_cds_WP_000060112.1_3 [gene=recF] [locus_tag=C7A06_RS00015] [protein=DNA replication/repair protein RecF] [protein_id=WP_000060112.1] [location=2152..3225] [gbkey=CDS]	YP_009725299.1 nsp3 [polyprotein_range=YP_009724389.1:819-2763] [polyprotein=ORF1ab polyprotein] [organism=Severe acute respiratory syndrome coronavirus 2] [isolate=Wuhan-Hu-1]	31	61.21133587979027
lcl|NZ_CP027599.1_cds_WP_000060112.1_3 [gene=recF] [locus_tag=C7A06_RS00015] [protein=DNA replication/repair protein RecF] [protein_id=WP_000060112.1] [location=2152..3225] [gbkey=CDS]	YP_009742610.1 nsp3 [polyprotein_range=YP_009725295.1:819-2763] [polyprotein=ORF1a polyprotein] [organism=Severe acute respiratory syndrome coronavirus 2] [isolate=Wuhan-Hu-1]	31	61.21133587979027
lcl|NZ_CP027599.1_cds_WP_000060112.1_3 [gene=recF] [locus_tag=C7A06_RS00015] [protein=DNA replication/repair protein RecF] [protein_id=WP_000060112.1] [location=2152..3225] [gbkey=CDS]	YP_009724390.1:1-1273 surface glycoprotein [organism=Severe acute respiratory syndrome coronavirus 2] [isolate=Wuhan-Hu-1]	18	99.81816639081867
lcl|NZ_CP027599.1_cds_WP_000060112.1_3 [gene=recF] [locus_tag=C7A06_RS00015] [protein=DNA replication/repair protein RecF] [protein_id=WP_000060112.1] [location=2152..3225] [gbkey=CDS]	YP_009724397.2:1-419 nucleocapsid phosphoprotein [organism=Severe acute respiratory syndrome coronavirus 2] [isolate=Wuhan-Hu-1]	18	99.81816639081867
lcl|NZ_CP027599.1_cds_WP_000060112.1_3 [gene=recF] [locus_tag=C7A06_RS00015] [protein=DNA replication/repair protein RecF] [protein_id=WP_000060112.1] [location=2152..3225] [gbkey=CDS]	YP_009725295.1:1-4405 ORF1a polyprotein [organism=Severe acute respiratory syndrome coronavirus 2] [isolate=Wuhan-Hu-1]	19	104.62075712714504
lcl|NZ_CP027599.1_cds_WP_000060112.1_3 [gene=recF] [locus_tag=C7A06_RS00015] [protein=DNA replication/repair protein RecF] [protein_id=WP_000060112.1] [location=2152..3225] [gbkey=CDS]	YP_009725297.1 leader protein [polyprotein_range=YP_009724389.1:1-180] [polyprotein=ORF1ab polyprotein] [organism=Severe acute respiratory syndrome coronavirus 2] [isolate=Wuhan-Hu-1]	19	104.62075712714504
lcl|NZ_CP027599.1_cds_WP_000060112.1_3 [gene=recF] [locus_tag=C7A06_RS00015] [protein=DNA replication/repair protein RecF] [protein_id=WP_000060112.1] [location=2152..3225] [gbkey=CDS]	YP_009725307.1 RNA-dependent RNA polymerase [polyprotein_range=YP_009724389.1:4393-5324] [polyprotein=ORF1ab polyprotein] [organism=Severe acute respiratory syndrome coronavirus 2] [isolate=Wuhan-Hu-1]	19	104.62075712714504
lcl|NZ_CP027599.1_cds_WP_000060112.1_3 [gene=recF] [locus_tag=C7A06_RS00015] [protein=DNA replication/repair protein RecF] [protein_id=WP_000060112.1] [location=2152..3225] [gbkey=CDS]	YP_009742608.1 leader protein [polyprotein_range=YP_009725295.1:1-180] [polyprotein=ORF1a polyprotein] [organism=Severe acute respiratory syndrome coronavirus 2] [isolate=Wuhan-Hu-1]	19	104.62075712714504
lcl|NZ_CP027599.1_cds_WP_000060112.1_3 [gene=recF] [locus_tag=C7A06_RS00015] [protein=DNA replication/repair protein RecF] [protein_id=WP_000060112.1] [location=2152..3225] [gbkey=CDS]	YP_009724391.1:1-275 ORF3a protein [organism=Severe acute respiratory syndrome coronavirus 2] [isolate=Wuhan-Hu-1]	17	137.56316517541646
lcl|NZ_CP027599.1_cds_WP_000060112.1_3 [gene=recF] [locus_tag=C7A06_RS00015] [protein=DNA replication/repair protein RecF] [protein_id=WP_000060112.1] [location=2152..3225] [gbkey=CDS]	YP_009724397.2:1-419 nucleocapsid phosphoprotein [organism=Severe acute respiratory syndrome coronavirus 2] [isolate=Wuhan-Hu-1]	17	504.3982723098603
lcl|NZ_CP027599.1_cds_WP_000060112.1_3 [gene=recF] [locus_tag=C7A06_RS00015] [protein=DNA replication/repair protein RecF] [protein_id=WP_000060112.1] [location=2152..3225] [gbkey=CDS]	YP_009724393.1:1-222 membrane glycoprotein [organism=Severe acute respiratory syndrome coronavirus 2] [isolate=Wuhan-Hu-1]	15	957.9850561556236
lcl|NZ_CP027599.1_cds_WP_000060112.1_3 [gene=recF] [locus_tag=C7A06_RS00015] [protein=DNA replication/repair protein RecF] [protein_id=WP_000060112.1] [location=2152..3225] [gbkey=CDS]	YP_009725298.1 nsp2 [polyprotein_range=YP_009724389.1:181-818] [polyprotein=ORF1ab polyprotein] [organism=Severe acute respiratory syndrome coronavirus 2] [isolate=Wuhan-Hu-1]	15	957.9850561556236
lcl|NZ_CP027599.1_cds_WP_000060112.1_3 [gene=recF] [locus_tag=C7A06_RS00015] [protein=DNA replication/repair protein RecF] [protein_id=WP_000060112.1] [location=2152..3225] [gbkey=CDS]	YP_009742609.1 nsp2 [polyprotein_range=YP_009725295.1:181-818] [polyprotein=ORF1a polyprotein] [organism=Severe acute respiratory syndrome coronavirus 2] [isolate=Wuhan-Hu-1]	15	957.9850561556236
lcl|NZ_CP027599.1_cds_WP_000060112.1_3 [gene=recF] [locus_tag=C7A06_RS00015] [protein=DNA replication/repair protein RecF] [protein_id=WP_000060112.1] [location=2152..3225] [gbkey=CDS]	YP_009724390.1:1-1273 surface glycoprotein [organism=Severe acute respiratory syndrome coronavirus 2] [isolate=Wuhan-Hu-1]	13	1819.4657242079413
lcl|NZ_CP027599.1_cds_WP_000060112.1_3 [gene=recF] [locus_tag=C7A06_RS00015] [protein=DNA replication/repair protein RecF] [protein_id=WP_000060112.1] [location=2152..3225] [gbkey=CDS]	YP_009725301.1 3C-like proteinase [polyprotein_range=YP_009724389.1:3264-3569] [polyprotein=ORF1ab polyprotein] [organism=Severe acute respiratory syndrome coronavirus 2] [isolate=Wuhan-Hu-1]	13	1819.4657242079413
lcl|NZ_CP027599.1_cds_WP_000060112.1_3 [gene=recF] [locus_tag=C7A06_RS00015] [protein=DNA replication/repair protein RecF] [protein_id=WP_000060112.1] [location=2152..3225] [gbkey=CDS]	YP_009742612.1 3C-like proteinase [polyprotein_range=YP_009725295.1:3264-3569] [polyprotein=ORF1a polyprotein] [organism=Severe acute respiratory syndrome coronavirus 2] [isolate=Wuhan-Hu-1]	13	1819.4657242079413
lcl|NZ_CP027599.1_cds_WP_000060112.1_3 [gene=recF] [locus_tag=C7A06_RS00015] [protein=DNA replication/repair protein RecF] [protein_id=WP_000060112.1] [location=2152..3225] [gbkey=CDS]	YP_009725310.1 endoRNAse [polyprotein_range=YP_009724389.1:6453-6798] [polyprotein=ORF1ab polyprotein] [organism=Severe acute respiratory syndrome coronavirus 2] [isolate=Wuhan-Hu-1]	15	10363.656516592657
lcl|NZ_CP027599.1_cds_WP_000060112.1_3 [gene=recF] [locus_tag=C7A06_RS00015] [protein=DNA replication/repair protein RecF] [protein_id=WP_000060112.1] [location=2152..3225] [gbkey=CDS]	YP_009725311.1 2'-O-ribose methyltransferase [polyprotein_range=YP_009724389.1:6799-7096] [polyprotein=ORF1ab polyprotein] [organism=Severe acute respiratory syndrome coronavirus 2] [isolate=Wuhan-Hu-1]	13	19683.311016431366
