NC_043617.1 |Fort Sherman virus strain 86MSP18 segment L, complete sequence	YP_009724389.1@1-7096 ORF1ab polyprotein [organism=Severe acute respiratory syndrome coronavirus 2] [isolate=Wuhan-Hu-1]	33	2.2569321655596304
NC_043617.1 |Fort Sherman virus strain 86MSP18 segment L, complete sequence	YP_009724389.1@1-7096 ORF1ab polyprotein [organism=Severe acute respiratory syndrome coronavirus 2] [isolate=Wuhan-Hu-1]	28	6.283033762260453
NC_043617.1 |Fort Sherman virus strain 86MSP18 segment L, complete sequence	YP_009724389.1@1-7096 ORF1ab polyprotein [organism=Severe acute respiratory syndrome coronavirus 2] [isolate=Wuhan-Hu-1]	27	10.5143602057082
NC_043617.1 |Fort Sherman virus strain 86MSP18 segment L, complete sequence	YP_009724390.1@1-1273 surface glycoprotein [organism=Severe acute respiratory syndrome coronavirus 2] [isolate=Wuhan-Hu-1]	28	11.219703146893664
NC_043617.1 |Fort Sherman virus strain 86MSP18 segment L, complete sequence	YP_009725295.1@1-4405 ORF1a polyprotein [organism=Severe acute respiratory syndrome coronavirus 2] [isolate=Wuhan-Hu-1]	25	16.445501043277012
NC_043617.1 |Fort Sherman virus strain 86MSP18 segment L, complete sequence	YP_009725295.1@1-4405 ORF1a polyprotein [organism=Severe acute respiratory syndrome coronavirus 2] [isolate=Wuhan-Hu-1]	23	37.927405894264936
NC_043617.1 |Fort Sherman virus strain 86MSP18 segment L, complete sequence	YP_009724390.1@1-1273 surface glycoprotein [organism=Severe acute respiratory syndrome coronavirus 2] [isolate=Wuhan-Hu-1]	20	64.2354275942286
NC_043617.1 |Fort Sherman virus strain 86MSP18 segment L, complete sequence	YP_009725299.1 nsp3 [polyprotein_range=YP_009724389.1@819-2763] [polyprotein=ORF1ab polyprotein] [organism=Severe acute respiratory syndrome coronavirus 2] [isolate=Wuhan-Hu-1]	20	99.27293355471689
NC_043617.1 |Fort Sherman virus strain 86MSP18 segment L, complete sequence	YP_009742610.1 nsp3 [polyprotein_range=YP_009725295.1@819-2763] [polyprotein=ORF1a polyprotein] [organism=Severe acute respiratory syndrome coronavirus 2] [isolate=Wuhan-Hu-1]	20	99.27293355471689
NC_043617.1 |Fort Sherman virus strain 86MSP18 segment L, complete sequence	YP_009725297.1 leader protein [polyprotein_range=YP_009724389.1@1-180] [polyprotein=ORF1ab polyprotein] [organism=Severe acute respiratory syndrome coronavirus 2] [isolate=Wuhan-Hu-1]	18	188.5454254048797
NC_043617.1 |Fort Sherman virus strain 86MSP18 segment L, complete sequence	YP_009742608.1 leader protein [polyprotein_range=YP_009725295.1@1-180] [polyprotein=ORF1a polyprotein] [organism=Severe acute respiratory syndrome coronavirus 2] [isolate=Wuhan-Hu-1]	18	188.5454254048797
NC_043617.1 |Fort Sherman virus strain 86MSP18 segment L, complete sequence	YP_009725307.1 RNA-dependent RNA polymerase [polyprotein_range=YP_009724389.1@4393-5324] [polyprotein=ORF1ab polyprotein] [organism=Severe acute respiratory syndrome coronavirus 2] [isolate=Wuhan-Hu-1]	17	259.8415342202311
NC_043617.1 |Fort Sherman virus strain 86MSP18 segment L, complete sequence	YP_009725308.1 helicase [polyprotein_range=YP_009724389.1@5325-5925] [polyprotein=ORF1ab polyprotein] [organism=Severe acute respiratory syndrome coronavirus 2] [isolate=Wuhan-Hu-1]	18	277.27268441894074
NC_043617.1 |Fort Sherman virus strain 86MSP18 segment L, complete sequence	YP_009725304.1 nsp8 [polyprotein_range=YP_009724389.1@3943-4140] [polyprotein=ORF1ab polyprotein] [organism=Severe acute respiratory syndrome coronavirus 2] [isolate=Wuhan-Hu-1]	16	294.90372495681527
NC_043617.1 |Fort Sherman virus strain 86MSP18 segment L, complete sequence	YP_009742615.1 nsp8 [polyprotein_range=YP_009725295.1@3943-4140] [polyprotein=ORF1a polyprotein] [organism=Severe acute respiratory syndrome coronavirus 2] [isolate=Wuhan-Hu-1]	16	294.90372495681527
NC_043617.1 |Fort Sherman virus strain 86MSP18 segment L, complete sequence	YP_009725301.1 3C-like proteinase [polyprotein_range=YP_009724389.1@3264-3569] [polyprotein=ORF1ab polyprotein] [organism=Severe acute respiratory syndrome coronavirus 2] [isolate=Wuhan-Hu-1]	15	406.41790261147673
NC_043617.1 |Fort Sherman virus strain 86MSP18 segment L, complete sequence	YP_009725307.1 RNA-dependent RNA polymerase [polyprotein_range=YP_009724389.1@4393-5324] [polyprotein=ORF1ab polyprotein] [organism=Severe acute respiratory syndrome coronavirus 2] [isolate=Wuhan-Hu-1]	15	406.41790261147673
NC_043617.1 |Fort Sherman virus strain 86MSP18 segment L, complete sequence	YP_009725308.1 helicase [polyprotein_range=YP_009724389.1@5325-5925] [polyprotein=ORF1ab polyprotein] [organism=Severe acute respiratory syndrome coronavirus 2] [isolate=Wuhan-Hu-1]	15	406.41790261147673
NC_043617.1 |Fort Sherman virus strain 86MSP18 segment L, complete sequence	YP_009742612.1 3C-like proteinase [polyprotein_range=YP_009725295.1@3264-3569] [polyprotein=ORF1a polyprotein] [organism=Severe acute respiratory syndrome coronavirus 2] [isolate=Wuhan-Hu-1]	15	406.41790261147673
NC_043617.1 |Fort Sherman virus strain 86MSP18 segment L, complete sequence	YP_009725300.1 nsp4 [polyprotein_range=YP_009724389.1@2764-3263] [polyprotein=ORF1ab polyprotein] [organism=Severe acute respiratory syndrome coronavirus 2] [isolate=Wuhan-Hu-1]	15	493.50745317107885
NC_043617.1 |Fort Sherman virus strain 86MSP18 segment L, complete sequence	YP_009725308.1 helicase [polyprotein_range=YP_009724389.1@5325-5925] [polyprotein=ORF1ab polyprotein] [organism=Severe acute respiratory syndrome coronavirus 2] [isolate=Wuhan-Hu-1]	15	493.50745317107885
NC_043617.1 |Fort Sherman virus strain 86MSP18 segment L, complete sequence	YP_009742611.1 nsp4 [polyprotein_range=YP_009725295.1@2764-3263] [polyprotein=ORF1a polyprotein] [organism=Severe acute respiratory syndrome coronavirus 2] [isolate=Wuhan-Hu-1]	15	493.50745317107885
NC_043617.1 |Fort Sherman virus strain 86MSP18 segment L, complete sequence	YP_009725295.1@1-4405 ORF1a polyprotein [organism=Severe acute respiratory syndrome coronavirus 2] [isolate=Wuhan-Hu-1]	15	725.7462546633512
NC_043617.1 |Fort Sherman virus strain 86MSP18 segment L, complete sequence	YP_009725302.1 nsp6 [polyprotein_range=YP_009724389.1@3570-3859] [polyprotein=ORF1ab polyprotein] [organism=Severe acute respiratory syndrome coronavirus 2] [isolate=Wuhan-Hu-1]	15	725.7462546633512
NC_043617.1 |Fort Sherman virus strain 86MSP18 segment L, complete sequence	YP_009742613.1 nsp6 [polyprotein_range=YP_009725295.1@3570-3859] [polyprotein=ORF1a polyprotein] [organism=Severe acute respiratory syndrome coronavirus 2] [isolate=Wuhan-Hu-1]	15	725.7462546633512
NC_043617.1 |Fort Sherman virus strain 86MSP18 segment L, complete sequence	YP_009724389.1@1-7096 ORF1ab polyprotein [organism=Severe acute respiratory syndrome coronavirus 2] [isolate=Wuhan-Hu-1]	12	835.8246900344034
NC_043617.1 |Fort Sherman virus strain 86MSP18 segment L, complete sequence	YP_009725307.1 RNA-dependent RNA polymerase [polyprotein_range=YP_009724389.1@4393-5324] [polyprotein=ORF1ab polyprotein] [organism=Severe acute respiratory syndrome coronavirus 2] [isolate=Wuhan-Hu-1]	12	835.8246900344034
NC_043617.1 |Fort Sherman virus strain 86MSP18 segment L, complete sequence	YP_009725307.1 RNA-dependent RNA polymerase [polyprotein_range=YP_009724389.1@4393-5324] [polyprotein=ORF1ab polyprotein] [organism=Severe acute respiratory syndrome coronavirus 2] [isolate=Wuhan-Hu-1]	12	1899.6015682600073
